../Core/Source/Core_Layer/main.c:79:5:main	8	static
../Core/Source/Core_Layer/main.c:133:6:SystemClock_Config	128	static
../Core/Source/Core_Layer/main.c:182:13:CAN_Init	8	static
../Core/Source/Core_Layer/main.c:221:13:I2C1_Init	8	static
../Core/Source/Core_Layer/main.c:269:13:SPI1_Init	8	static
../Core/Source/Core_Layer/main.c:309:13:USB_PCD_Init	8	static
../Core/Source/Core_Layer/main.c:340:13:GPIO_Init	56	static
../Core/Source/Core_Layer/main.c:386:6:CAN_Configuration	48	static
../Core/Source/Core_Layer/main.c:405:6:CAN_Tx	48	static
../Core/Source/Core_Layer/main.c:428:6:USB_LP_CAN_RX0_IRQHandler	8	static
../Core/Source/Core_Layer/main.c:451:6:Error_Handler	4	static,ignoring_inline_asm
