Archive member included to satisfy reference by file (symbol)

c:/st/stm32cubeide_1.9.0/stm32cubeide/plugins/com.st.stm32cube.ide.mcu.externaltools.gnu-tools-for-stm32.10.3-2021.10.win32_1.0.0.202111181127/tools/bin/../lib/gcc/arm-none-eabi/10.3.1/../../../../arm-none-eabi/lib/thumb/v7e-m+fp/hard\libc_nano.a(lib_a-errno.o)
                              ./Core/Source/Core_Layer/syscalls.o (__errno)
c:/st/stm32cubeide_1.9.0/stm32cubeide/plugins/com.st.stm32cube.ide.mcu.externaltools.gnu-tools-for-stm32.10.3-2021.10.win32_1.0.0.202111181127/tools/bin/../lib/gcc/arm-none-eabi/10.3.1/../../../../arm-none-eabi/lib/thumb/v7e-m+fp/hard\libc_nano.a(lib_a-exit.o)
                              c:/st/stm32cubeide_1.9.0/stm32cubeide/plugins/com.st.stm32cube.ide.mcu.externaltools.gnu-tools-for-stm32.10.3-2021.10.win32_1.0.0.202111181127/tools/bin/../lib/gcc/arm-none-eabi/10.3.1/../../../../arm-none-eabi/lib/thumb/v7e-m+fp/hard/crt0.o (exit)
c:/st/stm32cubeide_1.9.0/stm32cubeide/plugins/com.st.stm32cube.ide.mcu.externaltools.gnu-tools-for-stm32.10.3-2021.10.win32_1.0.0.202111181127/tools/bin/../lib/gcc/arm-none-eabi/10.3.1/../../../../arm-none-eabi/lib/thumb/v7e-m+fp/hard\libc_nano.a(lib_a-impure.o)
                              c:/st/stm32cubeide_1.9.0/stm32cubeide/plugins/com.st.stm32cube.ide.mcu.externaltools.gnu-tools-for-stm32.10.3-2021.10.win32_1.0.0.202111181127/tools/bin/../lib/gcc/arm-none-eabi/10.3.1/../../../../arm-none-eabi/lib/thumb/v7e-m+fp/hard\libc_nano.a(lib_a-exit.o) (_global_impure_ptr)
c:/st/stm32cubeide_1.9.0/stm32cubeide/plugins/com.st.stm32cube.ide.mcu.externaltools.gnu-tools-for-stm32.10.3-2021.10.win32_1.0.0.202111181127/tools/bin/../lib/gcc/arm-none-eabi/10.3.1/../../../../arm-none-eabi/lib/thumb/v7e-m+fp/hard\libc_nano.a(lib_a-init.o)
                              c:/st/stm32cubeide_1.9.0/stm32cubeide/plugins/com.st.stm32cube.ide.mcu.externaltools.gnu-tools-for-stm32.10.3-2021.10.win32_1.0.0.202111181127/tools/bin/../lib/gcc/arm-none-eabi/10.3.1/../../../../arm-none-eabi/lib/thumb/v7e-m+fp/hard/crt0.o (__libc_init_array)
c:/st/stm32cubeide_1.9.0/stm32cubeide/plugins/com.st.stm32cube.ide.mcu.externaltools.gnu-tools-for-stm32.10.3-2021.10.win32_1.0.0.202111181127/tools/bin/../lib/gcc/arm-none-eabi/10.3.1/../../../../arm-none-eabi/lib/thumb/v7e-m+fp/hard\libc_nano.a(lib_a-memset.o)
                              c:/st/stm32cubeide_1.9.0/stm32cubeide/plugins/com.st.stm32cube.ide.mcu.externaltools.gnu-tools-for-stm32.10.3-2021.10.win32_1.0.0.202111181127/tools/bin/../lib/gcc/arm-none-eabi/10.3.1/../../../../arm-none-eabi/lib/thumb/v7e-m+fp/hard/crt0.o (memset)

Discarded input sections

 .text          0x0000000000000000        0x0 c:/st/stm32cubeide_1.9.0/stm32cubeide/plugins/com.st.stm32cube.ide.mcu.externaltools.gnu-tools-for-stm32.10.3-2021.10.win32_1.0.0.202111181127/tools/bin/../lib/gcc/arm-none-eabi/10.3.1/thumb/v7e-m+fp/hard/crti.o
 .data          0x0000000000000000        0x0 c:/st/stm32cubeide_1.9.0/stm32cubeide/plugins/com.st.stm32cube.ide.mcu.externaltools.gnu-tools-for-stm32.10.3-2021.10.win32_1.0.0.202111181127/tools/bin/../lib/gcc/arm-none-eabi/10.3.1/thumb/v7e-m+fp/hard/crti.o
 .bss           0x0000000000000000        0x0 c:/st/stm32cubeide_1.9.0/stm32cubeide/plugins/com.st.stm32cube.ide.mcu.externaltools.gnu-tools-for-stm32.10.3-2021.10.win32_1.0.0.202111181127/tools/bin/../lib/gcc/arm-none-eabi/10.3.1/thumb/v7e-m+fp/hard/crti.o
 .data          0x0000000000000000        0x4 c:/st/stm32cubeide_1.9.0/stm32cubeide/plugins/com.st.stm32cube.ide.mcu.externaltools.gnu-tools-for-stm32.10.3-2021.10.win32_1.0.0.202111181127/tools/bin/../lib/gcc/arm-none-eabi/10.3.1/thumb/v7e-m+fp/hard/crtbegin.o
 .rodata        0x0000000000000000       0x24 c:/st/stm32cubeide_1.9.0/stm32cubeide/plugins/com.st.stm32cube.ide.mcu.externaltools.gnu-tools-for-stm32.10.3-2021.10.win32_1.0.0.202111181127/tools/bin/../lib/gcc/arm-none-eabi/10.3.1/thumb/v7e-m+fp/hard/crtbegin.o
 .text          0x0000000000000000       0x7c c:/st/stm32cubeide_1.9.0/stm32cubeide/plugins/com.st.stm32cube.ide.mcu.externaltools.gnu-tools-for-stm32.10.3-2021.10.win32_1.0.0.202111181127/tools/bin/../lib/gcc/arm-none-eabi/10.3.1/../../../../arm-none-eabi/lib/thumb/v7e-m+fp/hard/crt0.o
 .data          0x0000000000000000        0x0 c:/st/stm32cubeide_1.9.0/stm32cubeide/plugins/com.st.stm32cube.ide.mcu.externaltools.gnu-tools-for-stm32.10.3-2021.10.win32_1.0.0.202111181127/tools/bin/../lib/gcc/arm-none-eabi/10.3.1/../../../../arm-none-eabi/lib/thumb/v7e-m+fp/hard/crt0.o
 .bss           0x0000000000000000        0x0 c:/st/stm32cubeide_1.9.0/stm32cubeide/plugins/com.st.stm32cube.ide.mcu.externaltools.gnu-tools-for-stm32.10.3-2021.10.win32_1.0.0.202111181127/tools/bin/../lib/gcc/arm-none-eabi/10.3.1/../../../../arm-none-eabi/lib/thumb/v7e-m+fp/hard/crt0.o
[...]
Memory Configuration

Name             Origin             Length             Attributes
CCMRAM           0x0000000010000000 0x0000000000002000 xrw
RAM              0x0000000020000000 0x000000000000a000 xrw
FLASH            0x0000000008000000 0x0000000000040000 xr
*default*        0x0000000000000000 0xffffffffffffffff

Linker script and memory map

LOAD c:/st/stm32cubeide_1.9.0/stm32cubeide/plugins/com.st.stm32cube.ide.mcu.externaltools.gnu-tools-for-stm32.10.3-2021.10.win32_1.0.0.202111181127/tools/bin/../lib/gcc/arm-none-eabi/10.3.1/thumb/v7e-m+fp/hard/crti.o
LOAD c:/st/stm32cubeide_1.9.0/stm32cubeide/plugins/com.st.stm32cube.ide.mcu.externaltools.gnu-tools-for-stm32.10.3-2021.10.win32_1.0.0.202111181127/tools/bin/../lib/gcc/arm-none-eabi/10.3.1/thumb/v7e-m+fp/hard/crtbegin.o
LOAD c:/st/stm32cubeide_1.9.0/stm32cubeide/plugins/com.st.stm32cube.ide.mcu.externaltools.gnu-tools-for-stm32.10.3-2021.10.win32_1.0.0.202111181127/tools/bin/../lib/gcc/arm-none-eabi/10.3.1/../../../../arm-none-eabi/lib/thumb/v7e-m+fp/hard/crt0.o
LOAD ./Core/Source/Core_Layer/can.o
LOAD ./Core/Source/Core_Layer/clock_pwr.o
LOAD ./Core/Source/Core_Layer/gpio.o
LOAD ./Core/Source/Core_Layer/i2c.o
LOAD ./Core/Source/Core_Layer/main.o
LOAD ./Core/Source/Core_Layer/memory.o
LOAD ./Core/Source/Core_Layer/spi.o
LOAD ./Core/Source/Core_Layer/stm32f3xx_hal_msp.o
LOAD ./Core/Source/Core_Layer/stm32f3xx_it.o
LOAD ./Core/Source/Core_Layer/syscalls.o
LOAD ./Core/Source/Core_Layer/sysmem.o
LOAD ./Core/Source/Core_Layer/system_stm32f3xx.o
LOAD ./Core/Startup/startup_stm32f303vctx.o
LOAD ./Drivers/STM32F3xx_HAL_Driver/Src/stm32f3xx_hal.o
LOAD ./Drivers/STM32F3xx_HAL_Driver/Src/stm32f3xx_hal_can.o
LOAD ./Drivers/STM32F3xx_HAL_Driver/Src/stm32f3xx_hal_cortex.o
LOAD ./Drivers/STM32F3xx_HAL_Driver/Src/stm32f3xx_hal_dma.o
LOAD ./Drivers/STM32F3xx_HAL_Driver/Src/stm32f3xx_hal_exti.o
LOAD ./Drivers/STM32F3xx_HAL_Driver/Src/stm32f3xx_hal_flash.o
LOAD ./Drivers/STM32F3xx_HAL_Driver/Src/stm32f3xx_hal_flash_ex.o
LOAD ./Drivers/STM32F3xx_HAL_Driver/Src/stm32f3xx_hal_gpio.o
LOAD ./Drivers/STM32F3xx_HAL_Driver/Src/stm32f3xx_hal_i2c.o
LOAD ./Drivers/STM32F3xx_HAL_Driver/Src/stm32f3xx_hal_i2c_ex.o
LOAD ./Drivers/STM32F3xx_HAL_Driver/Src/stm32f3xx_hal_pcd.o
LOAD ./Drivers/STM32F3xx_HAL_Driver/Src/stm32f3xx_hal_pcd_ex.o
LOAD ./Drivers/STM32F3xx_HAL_Driver/Src/stm32f3xx_hal_pwr.o
LOAD ./Drivers/STM32F3xx_HAL_Driver/Src/stm32f3xx_hal_pwr_ex.o
LOAD ./Drivers/STM32F3xx_HAL_Driver/Src/stm32f3xx_hal_rcc.o
LOAD ./Drivers/STM32F3xx_HAL_Driver/Src/stm32f3xx_hal_rcc_ex.o
LOAD ./Drivers/STM32F3xx_HAL_Driver/Src/stm32f3xx_hal_spi.o
LOAD ./Drivers/STM32F3xx_HAL_Driver/Src/stm32f3xx_hal_spi_ex.o
LOAD ./Drivers/STM32F3xx_HAL_Driver/Src/stm32f3xx_hal_tim.o
LOAD ./Drivers/STM32F3xx_HAL_Driver/Src/stm32f3xx_hal_tim_ex.o
LOAD ./Drivers/STM32F3xx_HAL_Driver/Src/stm32f3xx_ll_usb.o
START GROUP
LOAD c:/st/stm32cubeide_1.9.0/stm32cubeide/plugins/com.st.stm32cube.ide.mcu.externaltools.gnu-tools-for-stm32.10.3-2021.10.win32_1.0.0.202111181127/tools/bin/../lib/gcc/arm-none-eabi/10.3.1/../../../../arm-none-eabi/lib/thumb/v7e-m+fp/hard\libc_nano.a
LOAD c:/st/stm32cubeide_1.9.0/stm32cubeide/plugins/com.st.stm32cube.ide.mcu.externaltools.gnu-tools-for-stm32.10.3-2021.10.win32_1.0.0.202111181127/tools/bin/../lib/gcc/arm-none-eabi/10.3.1/../../../../arm-none-eabi/lib/thumb/v7e-m+fp/hard\libm.a
END GROUP
START GROUP
LOAD c:/st/stm32cubeide_1.9.0/stm32cubeide/plugins/com.st.stm32cube.ide.mcu.externaltools.gnu-tools-for-stm32.10.3-2021.10.win32_1.0.0.202111181127/tools/bin/../lib/gcc/arm-none-eabi/10.3.1/thumb/v7e-m+fp/hard\libgcc.a
LOAD c:/st/stm32cubeide_1.9.0/stm32cubeide/plugins/com.st.stm32cube.ide.mcu.externaltools.gnu-tools-for-stm32.10.3-2021.10.win32_1.0.0.202111181127/tools/bin/../lib/gcc/arm-none-eabi/10.3.1/../../../../arm-none-eabi/lib/thumb/v7e-m+fp/hard\libc_nano.a
END GROUP
START GROUP
LOAD c:/st/stm32cubeide_1.9.0/stm32cubeide/plugins/com.st.stm32cube.ide.mcu.externaltools.gnu-tools-for-stm32.10.3-2021.10.win32_1.0.0.202111181127/tools/bin/../lib/gcc/arm-none-eabi/10.3.1/thumb/v7e-m+fp/hard\libgcc.a
LOAD c:/st/stm32cubeide_1.9.0/stm32cubeide/plugins/com.st.stm32cube.ide.mcu.externaltools.gnu-tools-for-stm32.10.3-2021.10.win32_1.0.0.202111181127/tools/bin/../lib/gcc/arm-none-eabi/10.3.1/../../../../arm-none-eabi/lib/thumb/v7e-m+fp/hard\libc_nano.a
LOAD c:/st/stm32cubeide_1.9.0/stm32cubeide/plugins/com.st.stm32cube.ide.mcu.externaltools.gnu-tools-for-stm32.10.3-2021.10.win32_1.0.0.202111181127/tools/bin/../lib/gcc/arm-none-eabi/10.3.1/../../../../arm-none-eabi/lib/thumb/v7e-m+fp/hard\libnosys.a
END GROUP
START GROUP
LOAD c:/st/stm32cubeide_1.9.0/stm32cubeide/plugins/com.st.stm32cube.ide.mcu.externaltools.gnu-tools-for-stm32.10.3-2021.10.win32_1.0.0.202111181127/tools/bin/../lib/gcc/arm-none-eabi/10.3.1/thumb/v7e-m+fp/hard\libgcc.a
LOAD c:/st/stm32cubeide_1.9.0/stm32cubeide/plugins/com.st.stm32cube.ide.mcu.externaltools.gnu-tools-for-stm32.10.3-2021.10.win32_1.0.0.202111181127/tools/bin/../lib/gcc/arm-none-eabi/10.3.1/../../../../arm-none-eabi/lib/thumb/v7e-m+fp/hard\libc_nano.a
LOAD c:/st/stm32cubeide_1.9.0/stm32cubeide/plugins/com.st.stm32cube.ide.mcu.externaltools.gnu-tools-for-stm32.10.3-2021.10.win32_1.0.0.202111181127/tools/bin/../lib/gcc/arm-none-eabi/10.3.1/../../../../arm-none-eabi/lib/thumb/v7e-m+fp/hard\libnosys.a
END GROUP
LOAD c:/st/stm32cubeide_1.9.0/stm32cubeide/plugins/com.st.stm32cube.ide.mcu.externaltools.gnu-tools-for-stm32.10.3-2021.10.win32_1.0.0.202111181127/tools/bin/../lib/gcc/arm-none-eabi/10.3.1/thumb/v7e-m+fp/hard/crtend.o
LOAD c:/st/stm32cubeide_1.9.0/stm32cubeide/plugins/com.st.stm32cube.ide.mcu.externaltools.gnu-tools-for-stm32.10.3-2021.10.win32_1.0.0.202111181127/tools/bin/../lib/gcc/arm-none-eabi/10.3.1/thumb/v7e-m+fp/hard/crtn.o
                0x000000002000a000                _estack = (ORIGIN (RAM) + LENGTH (RAM))
                0x0000000000000200                _Min_Heap_Size = 0x200
                0x0000000000000400                _Min_Stack_Size = 0x400

.isr_vector     0x0000000008000000      0x188
                0x0000000008000000                . = ALIGN (0x4)
 *(.isr_vector)
 .isr_vector    0x0000000008000000      0x188 ./Core/Startup/startup_stm32f303vctx.o
                0x0000000008000000                g_pfnVectors
                0x0000000008000188                . = ALIGN (0x4)

.text           0x0000000008000188     0x30f0
                0x0000000008000188                . = ALIGN (0x4)
 *(.text)
 .text          0x0000000008000188       0x40 c:/st/stm32cubeide_1.9.0/stm32cubeide/plugins/com.st.stm32cube.ide.mcu.externaltools.gnu-tools-for-stm32.10.3-2021.10.win32_1.0.0.202111181127/tools/bin/../lib/gcc/arm-none-eabi/10.3.1/thumb/v7e-m+fp/hard/crtbegin.o
 *(.text*)
 .text.USB_LP_CAN_RX0_IRQHandler
                0x00000000080001c8       0x3c ./Core/Source/Core_Layer/can.o
                0x00000000080001c8                USB_LP_CAN_RX0_IRQHandler
 .text.main     0x0000000008000204       0x1e ./Core/Source/Core_Layer/main.o
                0x0000000008000204                main
 *fill*         0x0000000008000222        0x2 
 .text.SystemClock_Config
                0x0000000008000224       0xc4 ./Core/Source/Core_Layer/main.o
                0x0000000008000224                SystemClock_Config
 .text.I2C1_Init
                0x00000000080002e8       0x80 ./Core/Source/Core_Layer/main.o
 .text.SPI1_Init
                0x0000000008000368       0x7c ./Core/Source/Core_Layer/main.o
 .text.USB_PCD_Init
                0x00000000080003e4       0x44 ./Core/Source/Core_Layer/main.o
 .text.GPIO_Init
                0x0000000008000428      0x114 ./Core/Source/Core_Layer/main.o
 .text.Error_Handler
                0x000000000800053c        0xa ./Core/Source/Core_Layer/main.o
                0x000000000800053c                Error_Handler
 *fill*         0x0000000008000546        0x2 
 .text.HAL_MspInit
                0x0000000008000548       0x48 ./Core/Source/Core_Layer/stm32f3xx_hal_msp.o
                0x0000000008000548                HAL_MspInit
 .text.HAL_I2C_MspInit
                0x0000000008000590       0x88 ./Core/Source/Core_Layer/stm32f3xx_hal_msp.o
                0x0000000008000590                HAL_I2C_MspInit
 .text.HAL_SPI_MspInit
                0x0000000008000618       0x84 ./Core/Source/Core_Layer/stm32f3xx_hal_msp.o
                0x0000000008000618                HAL_SPI_MspInit
 .text.HAL_PCD_MspInit
                0x000000000800069c       0x88 ./Core/Source/Core_Layer/stm32f3xx_hal_msp.o
                0x000000000800069c                HAL_PCD_MspInit
 .text.NMI_Handler
                0x0000000008000724        0x6 ./Core/Source/Core_Layer/stm32f3xx_it.o
                0x0000000008000724                NMI_Handler
 .text.HardFault_Handler
                0x000000000800072a        0x6 ./Core/Source/Core_Layer/stm32f3xx_it.o
                0x000000000800072a                HardFault_Handler
 .text.MemManage_Handler
                0x0000000008000730        0x6 ./Core/Source/Core_Layer/stm32f3xx_it.o
                0x0000000008000730                MemManage_Handler
 .text.BusFault_Handler
                0x0000000008000736        0x6 ./Core/Source/Core_Layer/stm32f3xx_it.o
                0x0000000008000736                BusFault_Handler
 .text.UsageFault_Handler
                0x000000000800073c        0x6 ./Core/Source/Core_Layer/stm32f3xx_it.o
                0x000000000800073c                UsageFault_Handler
 .text.SVC_Handler
                0x0000000008000742        0xe ./Core/Source/Core_Layer/stm32f3xx_it.o
                0x0000000008000742                SVC_Handler
 .text.DebugMon_Handler
                0x0000000008000750        0xe ./Core/Source/Core_Layer/stm32f3xx_it.o
                0x0000000008000750                DebugMon_Handler
 .text.PendSV_Handler
                0x000000000800075e        0xe ./Core/Source/Core_Layer/stm32f3xx_it.o
                0x000000000800075e                PendSV_Handler
 .text.SysTick_Handler
                0x000000000800076c        0xc ./Core/Source/Core_Layer/stm32f3xx_it.o
                0x000000000800076c                SysTick_Handler
 .text.USB_HP_CAN_TX_IRQHandler
                0x0000000008000778       0x14 ./Core/Source/Core_Layer/stm32f3xx_it.o
                0x0000000008000778                USB_HP_CAN_TX_IRQHandler
 .text.CAN_RX1_IRQHandler
                0x000000000800078c       0x14 ./Core/Source/Core_Layer/stm32f3xx_it.o
                0x000000000800078c                CAN_RX1_IRQHandler
 .text.CAN_SCE_IRQHandler
                0x00000000080007a0       0x14 ./Core/Source/Core_Layer/stm32f3xx_it.o
                0x00000000080007a0                CAN_SCE_IRQHandler
 .text.SystemInit
                0x00000000080007b4       0x24 ./Core/Source/Core_Layer/system_stm32f3xx.o
                0x00000000080007b4                SystemInit
 .text.Reset_Handler
                0x00000000080007d8       0x50 ./Core/Startup/startup_stm32f303vctx.o
                0x00000000080007d8                Reset_Handler
 .text.Default_Handler
                0x0000000008000828        0x2 ./Core/Startup/startup_stm32f303vctx.o
                0x0000000008000828                RTC_Alarm_IRQHandler
                0x0000000008000828                TIM8_TRG_COM_IRQHandler
                0x0000000008000828                TIM8_CC_IRQHandler
                0x0000000008000828                TIM1_CC_IRQHandler
                0x0000000008000828                USB_HP_IRQHandler
                0x0000000008000828                PVD_IRQHandler
                0x0000000008000828                TAMP_STAMP_IRQHandler
                0x0000000008000828                EXTI3_IRQHandler
                0x0000000008000828                EXTI0_IRQHandler
                0x0000000008000828                I2C2_EV_IRQHandler
                0x0000000008000828                FPU_IRQHandler
                0x0000000008000828                TIM1_UP_TIM16_IRQHandler
                0x0000000008000828                ADC1_2_IRQHandler
                0x0000000008000828                SPI1_IRQHandler
                0x0000000008000828                TIM6_DAC_IRQHandler
                0x0000000008000828                TIM8_UP_IRQHandler
                0x0000000008000828                DMA2_Channel2_IRQHandler
                0x0000000008000828                DMA1_Channel4_IRQHandler
                0x0000000008000828                USART3_IRQHandler
                0x0000000008000828                DMA1_Channel7_IRQHandler
                0x0000000008000828                UART5_IRQHandler
                0x0000000008000828                ADC3_IRQHandler
                0x0000000008000828                TIM4_IRQHandler
                0x0000000008000828                DMA2_Channel1_IRQHandler
                0x0000000008000828                I2C1_EV_IRQHandler
                0x0000000008000828                DMA1_Channel6_IRQHandler
                0x0000000008000828                UART4_IRQHandler
                0x0000000008000828                DMA2_Channel4_IRQHandler
                0x0000000008000828                TIM3_IRQHandler
                0x0000000008000828                RCC_IRQHandler
                0x0000000008000828                DMA1_Channel1_IRQHandler
                0x0000000008000828                Default_Handler
                0x0000000008000828                USBWakeUp_RMP_IRQHandler
                0x0000000008000828                EXTI15_10_IRQHandler
                0x0000000008000828                TIM7_IRQHandler
                0x0000000008000828                EXTI9_5_IRQHandler
                0x0000000008000828                RTC_WKUP_IRQHandler
                0x0000000008000828                SPI2_IRQHandler
                0x0000000008000828                DMA2_Channel5_IRQHandler
                0x0000000008000828                DMA1_Channel5_IRQHandler
                0x0000000008000828                USB_LP_IRQHandler
                0x0000000008000828                EXTI4_IRQHandler
                0x0000000008000828                TIM1_TRG_COM_TIM17_IRQHandler
                0x0000000008000828                DMA1_Channel3_IRQHandler
                0x0000000008000828                ADC4_IRQHandler
                0x0000000008000828                WWDG_IRQHandler
                0x0000000008000828                TIM2_IRQHandler
                0x0000000008000828                COMP7_IRQHandler
                0x0000000008000828                COMP1_2_3_IRQHandler
                0x0000000008000828                EXTI1_IRQHandler
                0x0000000008000828                USART2_IRQHandler
                0x0000000008000828                COMP4_5_6_IRQHandler
                0x0000000008000828                I2C2_ER_IRQHandler
                0x0000000008000828                DMA1_Channel2_IRQHandler
                0x0000000008000828                TIM8_BRK_IRQHandler
                0x0000000008000828                FLASH_IRQHandler
                0x0000000008000828                USART1_IRQHandler
                0x0000000008000828                SPI3_IRQHandler
                0x0000000008000828                I2C1_ER_IRQHandler
                0x0000000008000828                USBWakeUp_IRQHandler
                0x0000000008000828                DMA2_Channel3_IRQHandler
                0x0000000008000828                EXTI2_TSC_IRQHandler
                0x0000000008000828                TIM1_BRK_TIM15_IRQHandler
 *fill*         0x000000000800082a        0x2 
 .text.HAL_Init
                0x000000000800082c       0x2c ./Drivers/STM32F3xx_HAL_Driver/Src/stm32f3xx_hal.o
                0x000000000800082c                HAL_Init
 .text.HAL_InitTick
                0x0000000008000858       0x60 ./Drivers/STM32F3xx_HAL_Driver/Src/stm32f3xx_hal.o
                0x0000000008000858                HAL_InitTick
 .text.HAL_IncTick
                0x00000000080008b8       0x28 ./Drivers/STM32F3xx_HAL_Driver/Src/stm32f3xx_hal.o
                0x00000000080008b8                HAL_IncTick
 .text.HAL_GetTick
                0x00000000080008e0       0x18 ./Drivers/STM32F3xx_HAL_Driver/Src/stm32f3xx_hal.o
                0x00000000080008e0                HAL_GetTick
 .text.HAL_CAN_GetRxMessage
                0x00000000080008f8      0x244 ./Drivers/STM32F3xx_HAL_Driver/Src/stm32f3xx_hal_can.o
                0x00000000080008f8                HAL_CAN_GetRxMessage
 .text.HAL_CAN_IRQHandler
                0x0000000008000b3c      0x36e ./Drivers/STM32F3xx_HAL_Driver/Src/stm32f3xx_hal_can.o
                0x0000000008000b3c                HAL_CAN_IRQHandler
 .text.HAL_CAN_TxMailbox0CompleteCallback
                0x0000000008000eaa       0x14 ./Drivers/STM32F3xx_HAL_Driver/Src/stm32f3xx_hal_can.o
                0x0000000008000eaa                HAL_CAN_TxMailbox0CompleteCallback
 .text.HAL_CAN_TxMailbox1CompleteCallback
                0x0000000008000ebe       0x14 ./Drivers/STM32F3xx_HAL_Driver/Src/stm32f3xx_hal_can.o
                0x0000000008000ebe                HAL_CAN_TxMailbox1CompleteCallback
 .text.HAL_CAN_TxMailbox2CompleteCallback
                0x0000000008000ed2       0x14 ./Drivers/STM32F3xx_HAL_Driver/Src/stm32f3xx_hal_can.o
                0x0000000008000ed2                HAL_CAN_TxMailbox2CompleteCallback
 .text.HAL_CAN_TxMailbox0AbortCallback
                0x0000000008000ee6       0x14 ./Drivers/STM32F3xx_HAL_Driver/Src/stm32f3xx_hal_can.o
                0x0000000008000ee6                HAL_CAN_TxMailbox0AbortCallback
 .text.HAL_CAN_TxMailbox1AbortCallback
                0x0000000008000efa       0x14 ./Drivers/STM32F3xx_HAL_Driver/Src/stm32f3xx_hal_can.o
                0x0000000008000efa                HAL_CAN_TxMailbox1AbortCallback
 .text.HAL_CAN_TxMailbox2AbortCallback
                0x0000000008000f0e       0x14 ./Drivers/STM32F3xx_HAL_Driver/Src/stm32f3xx_hal_can.o
                0x0000000008000f0e                HAL_CAN_TxMailbox2AbortCallback
 .text.HAL_CAN_RxFifo0MsgPendingCallback
                0x0000000008000f22       0x14 ./Drivers/STM32F3xx_HAL_Driver/Src/stm32f3xx_hal_can.o
                0x0000000008000f22                HAL_CAN_RxFifo0MsgPendingCallback
 .text.HAL_CAN_RxFifo0FullCallback
                0x0000000008000f36       0x14 ./Drivers/STM32F3xx_HAL_Driver/Src/stm32f3xx_hal_can.o
                0x0000000008000f36                HAL_CAN_RxFifo0FullCallback
 .text.HAL_CAN_RxFifo1MsgPendingCallback
                0x0000000008000f4a       0x14 ./Drivers/STM32F3xx_HAL_Driver/Src/stm32f3xx_hal_can.o
                0x0000000008000f4a                HAL_CAN_RxFifo1MsgPendingCallback
 .text.HAL_CAN_RxFifo1FullCallback
                0x0000000008000f5e       0x14 ./Drivers/STM32F3xx_HAL_Driver/Src/stm32f3xx_hal_can.o
                0x0000000008000f5e                HAL_CAN_RxFifo1FullCallback
 .text.HAL_CAN_SleepCallback
                0x0000000008000f72       0x14 ./Drivers/STM32F3xx_HAL_Driver/Src/stm32f3xx_hal_can.o
                0x0000000008000f72                HAL_CAN_SleepCallback
 .text.HAL_CAN_WakeUpFromRxMsgCallback
                0x0000000008000f86       0x14 ./Drivers/STM32F3xx_HAL_Driver/Src/stm32f3xx_hal_can.o
                0x0000000008000f86                HAL_CAN_WakeUpFromRxMsgCallback
 .text.HAL_CAN_ErrorCallback
                0x0000000008000f9a       0x14 ./Drivers/STM32F3xx_HAL_Driver/Src/stm32f3xx_hal_can.o
                0x0000000008000f9a                HAL_CAN_ErrorCallback
 *fill*         0x0000000008000fae        0x2 
 .text.__NVIC_SetPriorityGrouping
                0x0000000008000fb0       0x48 ./Drivers/STM32F3xx_HAL_Driver/Src/stm32f3xx_hal_cortex.o
 .text.__NVIC_GetPriorityGrouping
                0x0000000008000ff8       0x1c ./Drivers/STM32F3xx_HAL_Driver/Src/stm32f3xx_hal_cortex.o
 .text.__NVIC_SetPriority
                0x0000000008001014       0x54 ./Drivers/STM32F3xx_HAL_Driver/Src/stm32f3xx_hal_cortex.o
 .text.NVIC_EncodePriority
                0x0000000008001068       0x66 ./Drivers/STM32F3xx_HAL_Driver/Src/stm32f3xx_hal_cortex.o
 *fill*         0x00000000080010ce        0x2 
 .text.SysTick_Config
                0x00000000080010d0       0x44 ./Drivers/STM32F3xx_HAL_Driver/Src/stm32f3xx_hal_cortex.o
 .text.HAL_NVIC_SetPriorityGrouping
                0x0000000008001114       0x16 ./Drivers/STM32F3xx_HAL_Driver/Src/stm32f3xx_hal_cortex.o
                0x0000000008001114                HAL_NVIC_SetPriorityGrouping
 .text.HAL_NVIC_SetPriority
                0x000000000800112a       0x38 ./Drivers/STM32F3xx_HAL_Driver/Src/stm32f3xx_hal_cortex.o
                0x000000000800112a                HAL_NVIC_SetPriority
 .text.HAL_SYSTICK_Config
                0x0000000008001162       0x18 ./Drivers/STM32F3xx_HAL_Driver/Src/stm32f3xx_hal_cortex.o
                0x0000000008001162                HAL_SYSTICK_Config
 *fill*         0x000000000800117a        0x2 
 .text.HAL_GPIO_Init
                0x000000000800117c      0x2f4 ./Drivers/STM32F3xx_HAL_Driver/Src/stm32f3xx_hal_gpio.o
                0x000000000800117c                HAL_GPIO_Init
 .text.HAL_GPIO_WritePin
                0x0000000008001470       0x30 ./Drivers/STM32F3xx_HAL_Driver/Src/stm32f3xx_hal_gpio.o
                0x0000000008001470                HAL_GPIO_WritePin
 .text.HAL_I2C_Init
                0x00000000080014a0      0x11e ./Drivers/STM32F3xx_HAL_Driver/Src/stm32f3xx_hal_i2c.o
                0x00000000080014a0                HAL_I2C_Init
 .text.HAL_I2CEx_ConfigAnalogFilter
                0x00000000080015be       0x96 ./Drivers/STM32F3xx_HAL_Driver/Src/stm32f3xx_hal_i2c_ex.o
                0x00000000080015be                HAL_I2CEx_ConfigAnalogFilter
 .text.HAL_I2CEx_ConfigDigitalFilter
                0x0000000008001654       0x98 ./Drivers/STM32F3xx_HAL_Driver/Src/stm32f3xx_hal_i2c_ex.o
                0x0000000008001654                HAL_I2CEx_ConfigDigitalFilter
 .text.HAL_PCD_Init
                0x00000000080016ec      0x1a4 ./Drivers/STM32F3xx_HAL_Driver/Src/stm32f3xx_hal_pcd.o
                0x00000000080016ec                HAL_PCD_Init
 .text.HAL_RCC_OscConfig
                0x0000000008001890     0x107c ./Drivers/STM32F3xx_HAL_Driver/Src/stm32f3xx_hal_rcc.o
                0x0000000008001890                HAL_RCC_OscConfig
 .text.HAL_RCC_ClockConfig
                0x000000000800290c      0x2f8 ./Drivers/STM32F3xx_HAL_Driver/Src/stm32f3xx_hal_rcc.o
                0x000000000800290c                HAL_RCC_ClockConfig
 .text.HAL_RCC_GetSysClockFreq
                0x0000000008002c04       0xd4 ./Drivers/STM32F3xx_HAL_Driver/Src/stm32f3xx_hal_rcc.o
                0x0000000008002c04                HAL_RCC_GetSysClockFreq
 .text.HAL_RCCEx_PeriphCLKConfig
                0x0000000008002cd8      0x360 ./Drivers/STM32F3xx_HAL_Driver/Src/stm32f3xx_hal_rcc_ex.o
                0x0000000008002cd8                HAL_RCCEx_PeriphCLKConfig
 .text.HAL_SPI_Init
                0x0000000008003038      0x156 ./Drivers/STM32F3xx_HAL_Driver/Src/stm32f3xx_hal_spi.o
                0x0000000008003038                HAL_SPI_Init
 .text.USB_DisableGlobalInt
                0x000000000800318e       0x36 ./Drivers/STM32F3xx_HAL_Driver/Src/stm32f3xx_ll_usb.o
                0x000000000800318e                USB_DisableGlobalInt
 .text.USB_DevInit
                0x00000000080031c4       0x42 ./Drivers/STM32F3xx_HAL_Driver/Src/stm32f3xx_ll_usb.o
                0x00000000080031c4                USB_DevInit
 *fill*         0x0000000008003206        0x2 
 .text.__libc_init_array
                0x0000000008003208       0x48 c:/st/stm32cubeide_1.9.0/stm32cubeide/plugins/com.st.stm32cube.ide.mcu.externaltools.gnu-tools-for-stm32.10.3-2021.10.win32_1.0.0.202111181127/tools/bin/../lib/gcc/arm-none-eabi/10.3.1/../../../../arm-none-eabi/lib/thumb/v7e-m+fp/hard\libc_nano.a(lib_a-init.o)
                0x0000000008003208                __libc_init_array
 .text.memset   0x0000000008003250       0x10 c:/st/stm32cubeide_1.9.0/stm32cubeide/plugins/com.st.stm32cube.ide.mcu.externaltools.gnu-tools-for-stm32.10.3-2021.10.win32_1.0.0.202111181127/tools/bin/../lib/gcc/arm-none-eabi/10.3.1/../../../../arm-none-eabi/lib/thumb/v7e-m+fp/hard\libc_nano.a(lib_a-memset.o)
                0x0000000008003250                memset
 *(.glue_7)
 .glue_7        0x0000000008003260        0x0 linker stubs
 *(.glue_7t)
 .glue_7t       0x0000000008003260        0x0 linker stubs
 *(.eh_frame)
 .eh_frame      0x0000000008003260        0x0 c:/st/stm32cubeide_1.9.0/stm32cubeide/plugins/com.st.stm32cube.ide.mcu.externaltools.gnu-tools-for-stm32.10.3-2021.10.win32_1.0.0.202111181127/tools/bin/../lib/gcc/arm-none-eabi/10.3.1/thumb/v7e-m+fp/hard/crtbegin.o
 *(.init)
 .init          0x0000000008003260        0x4 c:/st/stm32cubeide_1.9.0/stm32cubeide/plugins/com.st.stm32cube.ide.mcu.externaltools.gnu-tools-for-stm32.10.3-2021.10.win32_1.0.0.202111181127/tools/bin/../lib/gcc/arm-none-eabi/10.3.1/thumb/v7e-m+fp/hard/crti.o
                0x0000000008003260                _init
 .init          0x0000000008003264        0x8 c:/st/stm32cubeide_1.9.0/stm32cubeide/plugins/com.st.stm32cube.ide.mcu.externaltools.gnu-tools-for-stm32.10.3-2021.10.win32_1.0.0.202111181127/tools/bin/../lib/gcc/arm-none-eabi/10.3.1/thumb/v7e-m+fp/hard/crtn.o
 *(.fini)
 .fini          0x000000000800326c        0x4 c:/st/stm32cubeide_1.9.0/stm32cubeide/plugins/com.st.stm32cube.ide.mcu.externaltools.gnu-tools-for-stm32.10.3-2021.10.win32_1.0.0.202111181127/tools/bin/../lib/gcc/arm-none-eabi/10.3.1/thumb/v7e-m+fp/hard/crti.o
                0x000000000800326c                _fini
 .fini          0x0000000008003270        0x8 c:/st/stm32cubeide_1.9.0/stm32cubeide/plugins/com.st.stm32cube.ide.mcu.externaltools.gnu-tools-for-stm32.10.3-2021.10.win32_1.0.0.202111181127/tools/bin/../lib/gcc/arm-none-eabi/10.3.1/thumb/v7e-m+fp/hard/crtn.o
                0x0000000008003278                . = ALIGN (0x4)
                0x0000000008003278                _etext = .

.vfp11_veneer   0x0000000008003278        0x0
 .vfp11_veneer  0x0000000008003278        0x0 linker stubs

.v4_bx          0x0000000008003278        0x0
 .v4_bx         0x0000000008003278        0x0 linker stubs

.iplt           0x0000000008003278        0x0
 .iplt          0x0000000008003278        0x0 c:/st/stm32cubeide_1.9.0/stm32cubeide/plugins/com.st.stm32cube.ide.mcu.externaltools.gnu-tools-for-stm32.10.3-2021.10.win32_1.0.0.202111181127/tools/bin/../lib/gcc/arm-none-eabi/10.3.1/thumb/v7e-m+fp/hard/crtbegin.o

.rodata         0x0000000008003278       0x30
                0x0000000008003278                . = ALIGN (0x4)
 *(.rodata)
 *(.rodata*)
 .rodata.AHBPrescTable
                0x0000000008003278       0x10 ./Core/Source/Core_Layer/system_stm32f3xx.o
                0x0000000008003278                AHBPrescTable
 .rodata.aPLLMULFactorTable
                0x0000000008003288       0x10 ./Drivers/STM32F3xx_HAL_Driver/Src/stm32f3xx_hal_rcc.o
 .rodata.aPredivFactorTable
                0x0000000008003298       0x10 ./Drivers/STM32F3xx_HAL_Driver/Src/stm32f3xx_hal_rcc.o
                0x00000000080032a8                . = ALIGN (0x4)

.rel.dyn        0x00000000080032a8        0x0
 .rel.iplt      0x00000000080032a8        0x0 c:/st/stm32cubeide_1.9.0/stm32cubeide/plugins/com.st.stm32cube.ide.mcu.externaltools.gnu-tools-for-stm32.10.3-2021.10.win32_1.0.0.202111181127/tools/bin/../lib/gcc/arm-none-eabi/10.3.1/thumb/v7e-m+fp/hard/crtbegin.o

.ARM.extab      0x00000000080032a8        0x0
                0x00000000080032a8                . = ALIGN (0x4)
 *(.ARM.extab* .gnu.linkonce.armextab.*)
                0x00000000080032a8                . = ALIGN (0x4)

.ARM            0x00000000080032a8        0x0
                0x00000000080032a8                . = ALIGN (0x4)
                0x00000000080032a8                __exidx_start = .
 *(.ARM.exidx*)
                0x00000000080032a8                __exidx_end = .
                0x00000000080032a8                . = ALIGN (0x4)

.preinit_array  0x00000000080032a8        0x0
                0x00000000080032a8                . = ALIGN (0x4)
                0x00000000080032a8                PROVIDE (__preinit_array_start = .)
 *(.preinit_array*)
                0x00000000080032a8                PROVIDE (__preinit_array_end = .)
                0x00000000080032a8                . = ALIGN (0x4)

.init_array     0x00000000080032a8        0x4
                0x00000000080032a8                . = ALIGN (0x4)
                0x00000000080032a8                PROVIDE (__init_array_start = .)
 *(SORT_BY_NAME(.init_array.*))
 *(.init_array*)
 .init_array    0x00000000080032a8        0x4 c:/st/stm32cubeide_1.9.0/stm32cubeide/plugins/com.st.stm32cube.ide.mcu.externaltools.gnu-tools-for-stm32.10.3-2021.10.win32_1.0.0.202111181127/tools/bin/../lib/gcc/arm-none-eabi/10.3.1/thumb/v7e-m+fp/hard/crtbegin.o
                0x00000000080032ac                PROVIDE (__init_array_end = .)
                0x00000000080032ac                . = ALIGN (0x4)

.fini_array     0x00000000080032ac        0x4
                0x00000000080032ac                . = ALIGN (0x4)
                [!provide]                        PROVIDE (__fini_array_start = .)
 *(SORT_BY_NAME(.fini_array.*))
 *(.fini_array*)
 .fini_array    0x00000000080032ac        0x4 c:/st/stm32cubeide_1.9.0/stm32cubeide/plugins/com.st.stm32cube.ide.mcu.externaltools.gnu-tools-for-stm32.10.3-2021.10.win32_1.0.0.202111181127/tools/bin/../lib/gcc/arm-none-eabi/10.3.1/thumb/v7e-m+fp/hard/crtbegin.o
                [!provide]                        PROVIDE (__fini_array_end = .)
                0x00000000080032b0                . = ALIGN (0x4)
                0x00000000080032b0                _sidata = LOADADDR (.data)

.data           0x0000000020000000        0xc load address 0x00000000080032b0
                0x0000000020000000                . = ALIGN (0x4)
                0x0000000020000000                _sdata = .
 *(.data)
 *(.data*)
 .data.SystemCoreClock
                0x0000000020000000        0x4 ./Core/Source/Core_Layer/system_stm32f3xx.o
                0x0000000020000000                SystemCoreClock
 .data.uwTickPrio
                0x0000000020000004        0x4 ./Drivers/STM32F3xx_HAL_Driver/Src/stm32f3xx_hal.o
                0x0000000020000004                uwTickPrio
 .data.uwTickFreq
                0x0000000020000008        0x1 ./Drivers/STM32F3xx_HAL_Driver/Src/stm32f3xx_hal.o
                0x0000000020000008                uwTickFreq
 *(.RamFunc)
 *(.RamFunc*)
                0x000000002000000c                . = ALIGN (0x4)
 *fill*         0x0000000020000009        0x3 
                0x000000002000000c                _edata = .
                0x00000000080032bc                _siccmram = LOADADDR (.ccmram)

.igot.plt       0x000000002000000c        0x0 load address 0x00000000080032bc
 .igot.plt      0x000000002000000c        0x0 c:/st/stm32cubeide_1.9.0/stm32cubeide/plugins/com.st.stm32cube.ide.mcu.externaltools.gnu-tools-for-stm32.10.3-2021.10.win32_1.0.0.202111181127/tools/bin/../lib/gcc/arm-none-eabi/10.3.1/thumb/v7e-m+fp/hard/crtbegin.o

.ccmram         0x0000000010000000        0x0 load address 0x00000000080032bc
                0x0000000010000000                . = ALIGN (0x4)
                0x0000000010000000                _sccmram = .
 *(.ccmram)
 *(.ccmram*)
                0x0000000010000000                . = ALIGN (0x4)
                0x0000000010000000                _eccmram = .
                0x0000000010000000                . = ALIGN (0x4)

.bss            0x000000002000000c      0xee8
                0x000000002000000c                _sbss = .
                0x000000002000000c                __bss_start__ = _sbss
 *(.bss)
 .bss           0x000000002000000c       0x1c c:/st/stm32cubeide_1.9.0/stm32cubeide/plugins/com.st.stm32cube.ide.mcu.externaltools.gnu-tools-for-stm32.10.3-2021.10.win32_1.0.0.202111181127/tools/bin/../lib/gcc/arm-none-eabi/10.3.1/thumb/v7e-m+fp/hard/crtbegin.o
 *(.bss*)
 .bss.can_rx_data_u8
                0x0000000020000028        0x8 ./Core/Source/Core_Layer/can.o
                0x0000000020000028                can_rx_data_u8
 .bss.can_rx_header_st
                0x0000000020000030      0xaf0 ./Core/Source/Core_Layer/can.o
                0x0000000020000030                can_rx_header_st
 .bss.arrary_size_u8
                0x0000000020000b20        0x1 ./Core/Source/Core_Layer/can.o
                0x0000000020000b20                arrary_size_u8
 *fill*         0x0000000020000b21        0x3 
 .bss.hcan      0x0000000020000b24       0x28 ./Core/Source/Core_Layer/can.o
                0x0000000020000b24                hcan
 .bss.hi2c1     0x0000000020000b4c       0x54 ./Core/Source/Core_Layer/main.o
                0x0000000020000b4c                hi2c1
 .bss.hspi1     0x0000000020000ba0       0x64 ./Core/Source/Core_Layer/main.o
                0x0000000020000ba0                hspi1
 .bss.hpcd_USB_FS
                0x0000000020000c04      0x2ec ./Core/Source/Core_Layer/main.o
                0x0000000020000c04                hpcd_USB_FS
 .bss.uwTick    0x0000000020000ef0        0x4 ./Drivers/STM32F3xx_HAL_Driver/Src/stm32f3xx_hal.o
                0x0000000020000ef0                uwTick
 *(COMMON)
                0x0000000020000ef4                . = ALIGN (0x4)
                0x0000000020000ef4                _ebss = .
                0x0000000020000ef4                __bss_end__ = _ebss

._user_heap_stack
                0x0000000020000ef4      0x604
                0x0000000020000ef8                . = ALIGN (0x8)
 *fill*         0x0000000020000ef4        0x4 
                [!provide]                        PROVIDE (end = .)
                0x0000000020000ef8                PROVIDE (_end = .)
                0x00000000200010f8                . = (. + _Min_Heap_Size)
 *fill*         0x0000000020000ef8      0x200 
                0x00000000200014f8                . = (. + _Min_Stack_Size)
 *fill*         0x00000000200010f8      0x400 
                0x00000000200014f8                . = ALIGN (0x8)

/DISCARD/
 libc.a(*)
 libm.a(*)
 libgcc.a(*)

.ARM.attributes
                0x0000000000000000       0x30
 *(.ARM.attributes)
 .ARM.attributes
                0x0000000000000000       0x1e c:/st/stm32cubeide_1.9.0/stm32cubeide/plugins/com.st.stm32cube.ide.mcu.externaltools.gnu-tools-for-stm32.10.3-2021.10.win32_1.0.0.202111181127/tools/bin/../lib/gcc/arm-none-eabi/10.3.1/thumb/v7e-m+fp/hard/crti.o
 .ARM.attributes
                0x000000000000001e       0x34 c:/st/stm32cubeide_1.9.0/stm32cubeide/plugins/com.st.stm32cube.ide.mcu.externaltools.gnu-tools-for-stm32.10.3-2021.10.win32_1.0.0.202111181127/tools/bin/../lib/gcc/arm-none-eabi/10.3.1/thumb/v7e-m+fp/hard/crtbegin.o
 .ARM.attributes
                0x0000000000000052       0x34 ./Core/Source/Core_Layer/can.o
 .ARM.attributes
                0x0000000000000086       0x34 ./Core/Source/Core_Layer/main.o
 .ARM.attributes
                0x00000000000000ba       0x34 ./Core/Source/Core_Layer/stm32f3xx_hal_msp.o
 .ARM.attributes
                0x00000000000000ee       0x34 ./Core/Source/Core_Layer/stm32f3xx_it.o
 .ARM.attributes
                0x0000000000000122       0x34 ./Core/Source/Core_Layer/system_stm32f3xx.o
 .ARM.attributes
                0x0000000000000156       0x21 ./Core/Startup/startup_stm32f303vctx.o
 .ARM.attributes
                0x0000000000000177       0x34 ./Drivers/STM32F3xx_HAL_Driver/Src/stm32f3xx_hal.o
 .ARM.attributes
                0x00000000000001ab       0x34 ./Drivers/STM32F3xx_HAL_Driver/Src/stm32f3xx_hal_can.o
 .ARM.attributes
                0x00000000000001df       0x34 ./Drivers/STM32F3xx_HAL_Driver/Src/stm32f3xx_hal_cortex.o
 .ARM.attributes
                0x0000000000000213       0x34 ./Drivers/STM32F3xx_HAL_Driver/Src/stm32f3xx_hal_gpio.o
 .ARM.attributes
                0x0000000000000247       0x34 ./Drivers/STM32F3xx_HAL_Driver/Src/stm32f3xx_hal_i2c.o
 .ARM.attributes
                0x000000000000027b       0x34 ./Drivers/STM32F3xx_HAL_Driver/Src/stm32f3xx_hal_i2c_ex.o
 .ARM.attributes
                0x00000000000002af       0x34 ./Drivers/STM32F3xx_HAL_Driver/Src/stm32f3xx_hal_pcd.o
 .ARM.attributes
                0x00000000000002e3       0x34 ./Drivers/STM32F3xx_HAL_Driver/Src/stm32f3xx_hal_rcc.o
 .ARM.attributes
                0x0000000000000317       0x34 ./Drivers/STM32F3xx_HAL_Driver/Src/stm32f3xx_hal_rcc_ex.o
 .ARM.attributes
                0x000000000000034b       0x34 ./Drivers/STM32F3xx_HAL_Driver/Src/stm32f3xx_hal_spi.o
 .ARM.attributes
                0x000000000000037f       0x34 ./Drivers/STM32F3xx_HAL_Driver/Src/stm32f3xx_ll_usb.o
 .ARM.attributes
                0x00000000000003b3       0x34 c:/st/stm32cubeide_1.9.0/stm32cubeide/plugins/com.st.stm32cube.ide.mcu.externaltools.gnu-tools-for-stm32.10.3-2021.10.win32_1.0.0.202111181127/tools/bin/../lib/gcc/arm-none-eabi/10.3.1/../../../../arm-none-eabi/lib/thumb/v7e-m+fp/hard\libc_nano.a(lib_a-init.o)
 .ARM.attributes
                0x00000000000003e7       0x34 c:/st/stm32cubeide_1.9.0/stm32cubeide/plugins/com.st.stm32cube.ide.mcu.externaltools.gnu-tools-for-stm32.10.3-2021.10.win32_1.0.0.202111181127/tools/bin/../lib/gcc/arm-none-eabi/10.3.1/../../../../arm-none-eabi/lib/thumb/v7e-m+fp/hard\libc_nano.a(lib_a-memset.o)
 .ARM.attributes
                0x000000000000041b       0x1e c:/st/stm32cubeide_1.9.0/stm32cubeide/plugins/com.st.stm32cube.ide.mcu.externaltools.gnu-tools-for-stm32.10.3-2021.10.win32_1.0.0.202111181127/tools/bin/../lib/gcc/arm-none-eabi/10.3.1/thumb/v7e-m+fp/hard/crtn.o
OUTPUT(Zitto_Phase0_Project.elf elf32-littlearm)
LOAD linker stubs
LOAD c:/st/stm32cubeide_1.9.0/stm32cubeide/plugins/com.st.stm32cube.ide.mcu.externaltools.gnu-tools-for-stm32.10.3-2021.10.win32_1.0.0.202111181127/tools/bin/../lib/gcc/arm-none-eabi/10.3.1/../../../../arm-none-eabi/lib/thumb/v7e-m+fp/hard\libc.a
LOAD c:/st/stm32cubeide_1.9.0/stm32cubeide/plugins/com.st.stm32cube.ide.mcu.externaltools.gnu-tools-for-stm32.10.3-2021.10.win32_1.0.0.202111181127/tools/bin/../lib/gcc/arm-none-eabi/10.3.1/../../../../arm-none-eabi/lib/thumb/v7e-m+fp/hard\libm.a
LOAD c:/st/stm32cubeide_1.9.0/stm32cubeide/plugins/com.st.stm32cube.ide.mcu.externaltools.gnu-tools-for-stm32.10.3-2021.10.win32_1.0.0.202111181127/tools/bin/../lib/gcc/arm-none-eabi/10.3.1/thumb/v7e-m+fp/hard\libgcc.a

.debug_info     0x0000000000000000     0xf7f8
 .debug_info    0x0000000000000000      0x92e ./Core/Source/Core_Layer/can.o
 .debug_info    0x000000000000092e     0x1469 ./Core/Source/Core_Layer/main.o
 .debug_info    0x0000000000001d97     0x17f9 ./Core/Source/Core_Layer/stm32f3xx_hal_msp.o
 .debug_info    0x0000000000003590      0x574 ./Core/Source/Core_Layer/stm32f3xx_it.o
 .debug_info    0x0000000000003b04      0x416 ./Core/Source/Core_Layer/system_stm32f3xx.o
 .debug_info    0x0000000000003f1a       0x22 ./Core/Startup/startup_stm32f303vctx.o
 .debug_info    0x0000000000003f3c      0x807 ./Drivers/STM32F3xx_HAL_Driver/Src/stm32f3xx_hal.o
 .debug_info    0x0000000000004743      0xfe2 ./Drivers/STM32F3xx_HAL_Driver/Src/stm32f3xx_hal_can.o
 .debug_info    0x0000000000005725      0xd85 ./Drivers/STM32F3xx_HAL_Driver/Src/stm32f3xx_hal_cortex.o
 .debug_info    0x00000000000064aa      0x68a ./Drivers/STM32F3xx_HAL_Driver/Src/stm32f3xx_hal_gpio.o
 .debug_info    0x0000000000006b34     0x226b ./Drivers/STM32F3xx_HAL_Driver/Src/stm32f3xx_hal_i2c.o
 .debug_info    0x0000000000008d9f      0x8ab ./Drivers/STM32F3xx_HAL_Driver/Src/stm32f3xx_hal_i2c_ex.o
 .debug_info    0x000000000000964a     0x1784 ./Drivers/STM32F3xx_HAL_Driver/Src/stm32f3xx_hal_pcd.o
 .debug_info    0x000000000000adce     0x1585 ./Drivers/STM32F3xx_HAL_Driver/Src/stm32f3xx_hal_rcc.o
 .debug_info    0x000000000000c353      0x628 ./Drivers/STM32F3xx_HAL_Driver/Src/stm32f3xx_hal_rcc_ex.o
 .debug_info    0x000000000000c97b     0x178c ./Drivers/STM32F3xx_HAL_Driver/Src/stm32f3xx_hal_spi.o
 .debug_info    0x000000000000e107     0x16f1 ./Drivers/STM32F3xx_HAL_Driver/Src/stm32f3xx_ll_usb.o

.debug_abbrev   0x0000000000000000     0x233f
 .debug_abbrev  0x0000000000000000      0x24a ./Core/Source/Core_Layer/can.o
 .debug_abbrev  0x000000000000024a      0x287 ./Core/Source/Core_Layer/main.o
 .debug_abbrev  0x00000000000004d1      0x228 ./Core/Source/Core_Layer/stm32f3xx_hal_msp.o
 .debug_abbrev  0x00000000000006f9      0x194 ./Core/Source/Core_Layer/stm32f3xx_it.o
 .debug_abbrev  0x000000000000088d      0x116 ./Core/Source/Core_Layer/system_stm32f3xx.o
 .debug_abbrev  0x00000000000009a3       0x12 ./Core/Startup/startup_stm32f303vctx.o
 .debug_abbrev  0x00000000000009b5      0x20e ./Drivers/STM32F3xx_HAL_Driver/Src/stm32f3xx_hal.o
 .debug_abbrev  0x0000000000000bc3      0x235 ./Drivers/STM32F3xx_HAL_Driver/Src/stm32f3xx_hal_can.o
 .debug_abbrev  0x0000000000000df8      0x316 ./Drivers/STM32F3xx_HAL_Driver/Src/stm32f3xx_hal_cortex.o
 .debug_abbrev  0x000000000000110e      0x1bb ./Drivers/STM32F3xx_HAL_Driver/Src/stm32f3xx_hal_gpio.o
 .debug_abbrev  0x00000000000012c9      0x24a ./Drivers/STM32F3xx_HAL_Driver/Src/stm32f3xx_hal_i2c.o
 .debug_abbrev  0x0000000000001513      0x1b0 ./Drivers/STM32F3xx_HAL_Driver/Src/stm32f3xx_hal_i2c_ex.o
 .debug_abbrev  0x00000000000016c3      0x2c0 ./Drivers/STM32F3xx_HAL_Driver/Src/stm32f3xx_hal_pcd.o
 .debug_abbrev  0x0000000000001983      0x2f9 ./Drivers/STM32F3xx_HAL_Driver/Src/stm32f3xx_hal_rcc.o
 .debug_abbrev  0x0000000000001c7c      0x240 ./Drivers/STM32F3xx_HAL_Driver/Src/stm32f3xx_hal_rcc_ex.o
 .debug_abbrev  0x0000000000001ebc      0x254 ./Drivers/STM32F3xx_HAL_Driver/Src/stm32f3xx_hal_spi.o
 .debug_abbrev  0x0000000000002110      0x22f ./Drivers/STM32F3xx_HAL_Driver/Src/stm32f3xx_ll_usb.o

.debug_aranges  0x0000000000000000      0xcb8
 .debug_aranges
                0x0000000000000000       0x40 ./Core/Source/Core_Layer/can.o
 .debug_aranges
                0x0000000000000040       0x50 ./Core/Source/Core_Layer/main.o
 .debug_aranges
                0x0000000000000090       0x60 ./Core/Source/Core_Layer/stm32f3xx_hal_msp.o
 .debug_aranges
                0x00000000000000f0       0x78 ./Core/Source/Core_Layer/stm32f3xx_it.o
 .debug_aranges
                0x0000000000000168       0x28 ./Core/Source/Core_Layer/system_stm32f3xx.o
 .debug_aranges
                0x0000000000000190       0x28 ./Core/Startup/startup_stm32f303vctx.o
 .debug_aranges
                0x00000000000001b8       0xe0 ./Drivers/STM32F3xx_HAL_Driver/Src/stm32f3xx_hal.o
 .debug_aranges
                0x0000000000000298      0x138 ./Drivers/STM32F3xx_HAL_Driver/Src/stm32f3xx_hal_can.o
 .debug_aranges
                0x00000000000003d0      0x118 ./Drivers/STM32F3xx_HAL_Driver/Src/stm32f3xx_hal_cortex.o
 .debug_aranges
                0x00000000000004e8       0x58 ./Drivers/STM32F3xx_HAL_Driver/Src/stm32f3xx_hal_gpio.o
 .debug_aranges
                0x0000000000000540      0x2a0 ./Drivers/STM32F3xx_HAL_Driver/Src/stm32f3xx_hal_i2c.o
 .debug_aranges
                0x00000000000007e0       0x48 ./Drivers/STM32F3xx_HAL_Driver/Src/stm32f3xx_hal_i2c_ex.o
 .debug_aranges
                0x0000000000000828      0x140 ./Drivers/STM32F3xx_HAL_Driver/Src/stm32f3xx_hal_pcd.o
 .debug_aranges
                0x0000000000000968       0x88 ./Drivers/STM32F3xx_HAL_Driver/Src/stm32f3xx_hal_rcc.o
 .debug_aranges
                0x00000000000009f0       0x38 ./Drivers/STM32F3xx_HAL_Driver/Src/stm32f3xx_hal_rcc_ex.o
 .debug_aranges
                0x0000000000000a28      0x1d8 ./Drivers/STM32F3xx_HAL_Driver/Src/stm32f3xx_hal_spi.o
 .debug_aranges
                0x0000000000000c00       0xb8 ./Drivers/STM32F3xx_HAL_Driver/Src/stm32f3xx_ll_usb.o

.debug_ranges   0x0000000000000000      0xbb0
 .debug_ranges  0x0000000000000000       0x30 ./Core/Source/Core_Layer/can.o
 .debug_ranges  0x0000000000000030       0x40 ./Core/Source/Core_Layer/main.o
 .debug_ranges  0x0000000000000070       0x50 ./Core/Source/Core_Layer/stm32f3xx_hal_msp.o
 .debug_ranges  0x00000000000000c0       0x68 ./Core/Source/Core_Layer/stm32f3xx_it.o
 .debug_ranges  0x0000000000000128       0x18 ./Core/Source/Core_Layer/system_stm32f3xx.o
 .debug_ranges  0x0000000000000140       0x20 ./Core/Startup/startup_stm32f303vctx.o
 .debug_ranges  0x0000000000000160       0xd0 ./Drivers/STM32F3xx_HAL_Driver/Src/stm32f3xx_hal.o
 .debug_ranges  0x0000000000000230      0x128 ./Drivers/STM32F3xx_HAL_Driver/Src/stm32f3xx_hal_can.o
 .debug_ranges  0x0000000000000358      0x108 ./Drivers/STM32F3xx_HAL_Driver/Src/stm32f3xx_hal_cortex.o
 .debug_ranges  0x0000000000000460       0x48 ./Drivers/STM32F3xx_HAL_Driver/Src/stm32f3xx_hal_gpio.o
 .debug_ranges  0x00000000000004a8      0x290 ./Drivers/STM32F3xx_HAL_Driver/Src/stm32f3xx_hal_i2c.o
 .debug_ranges  0x0000000000000738       0x38 ./Drivers/STM32F3xx_HAL_Driver/Src/stm32f3xx_hal_i2c_ex.o
 .debug_ranges  0x0000000000000770      0x130 ./Drivers/STM32F3xx_HAL_Driver/Src/stm32f3xx_hal_pcd.o
 .debug_ranges  0x00000000000008a0       0x78 ./Drivers/STM32F3xx_HAL_Driver/Src/stm32f3xx_hal_rcc.o
 .debug_ranges  0x0000000000000918       0x28 ./Drivers/STM32F3xx_HAL_Driver/Src/stm32f3xx_hal_rcc_ex.o
 .debug_ranges  0x0000000000000940      0x1c8 ./Drivers/STM32F3xx_HAL_Driver/Src/stm32f3xx_hal_spi.o
 .debug_ranges  0x0000000000000b08       0xa8 ./Drivers/STM32F3xx_HAL_Driver/Src/stm32f3xx_ll_usb.o

.debug_macro    0x0000000000000000    0x1d6a2
 .debug_macro   0x0000000000000000      0x214 ./Core/Source/Core_Layer/can.o
 .debug_macro   0x0000000000000214      0xa78 ./Core/Source/Core_Layer/can.o
 .debug_macro   0x0000000000000c8c      0x315 ./Core/Source/Core_Layer/can.o
 .debug_macro   0x0000000000000fa1      0x15d ./Core/Source/Core_Layer/can.o
 .debug_macro   0x00000000000010fe       0x2e ./Core/Source/Core_Layer/can.o
 .debug_macro   0x000000000000112c       0x28 ./Core/Source/Core_Layer/can.o
 .debug_macro   0x0000000000001154       0x22 ./Core/Source/Core_Layer/can.o
 .debug_macro   0x0000000000001176       0x8e ./Core/Source/Core_Layer/can.o
 .debug_macro   0x0000000000001204       0x51 ./Core/Source/Core_Layer/can.o
 .debug_macro   0x0000000000001255      0x103 ./Core/Source/Core_Layer/can.o
 .debug_macro   0x0000000000001358       0x6a ./Core/Source/Core_Layer/can.o
 .debug_macro   0x00000000000013c2      0x1df ./Core/Source/Core_Layer/can.o
 .debug_macro   0x00000000000015a1       0x1c ./Core/Source/Core_Layer/can.o
 .debug_macro   0x00000000000015bd       0x22 ./Core/Source/Core_Layer/can.o
 .debug_macro   0x00000000000015df       0xd9 ./Core/Source/Core_Layer/can.o
 .debug_macro   0x00000000000016b8     0x102d ./Core/Source/Core_Layer/can.o
 .debug_macro   0x00000000000026e5      0x11f ./Core/Source/Core_Layer/can.o
 .debug_macro   0x0000000000002804    0x12a3a ./Core/Source/Core_Layer/can.o
 .debug_macro   0x000000000001523e       0x6d ./Core/Source/Core_Layer/can.o
 .debug_macro   0x00000000000152ab     0x3558 ./Core/Source/Core_Layer/can.o
 .debug_macro   0x0000000000018803      0x174 ./Core/Source/Core_Layer/can.o
 .debug_macro   0x0000000000018977       0x55 ./Core/Source/Core_Layer/can.o
 .debug_macro   0x00000000000189cc      0x961 ./Core/Source/Core_Layer/can.o
 .debug_macro   0x000000000001932d      0x5fe ./Core/Source/Core_Layer/can.o
 .debug_macro   0x000000000001992b      0x1b5 ./Core/Source/Core_Layer/can.o
 .debug_macro   0x0000000000019ae0      0x1fb ./Core/Source/Core_Layer/can.o
 .debug_macro   0x0000000000019cdb      0x1dc ./Core/Source/Core_Layer/can.o
 .debug_macro   0x0000000000019eb7      0x1bc ./Core/Source/Core_Layer/can.o
 .debug_macro   0x000000000001a073       0x30 ./Core/Source/Core_Layer/can.o
 .debug_macro   0x000000000001a0a3       0x3c ./Core/Source/Core_Layer/can.o
 .debug_macro   0x000000000001a0df      0x235 ./Core/Source/Core_Layer/can.o
 .debug_macro   0x000000000001a314      0x408 ./Core/Source/Core_Layer/can.o
 .debug_macro   0x000000000001a71c       0xc5 ./Core/Source/Core_Layer/can.o
 .debug_macro   0x000000000001a7e1      0x21d ./Core/Source/Core_Layer/can.o
 .debug_macro   0x000000000001a9fe      0x22c ./Core/Source/Core_Layer/can.o
 .debug_macro   0x000000000001ac2a       0x5b ./Core/Source/Core_Layer/can.o
 .debug_macro   0x000000000001ac85       0xa5 ./Core/Source/Core_Layer/can.o
 .debug_macro   0x000000000001ad2a       0x73 ./Core/Source/Core_Layer/can.o
 .debug_macro   0x000000000001ad9d      0x242 ./Core/Source/Core_Layer/can.o
 .debug_macro   0x000000000001afdf       0x81 ./Core/Source/Core_Layer/can.o
 .debug_macro   0x000000000001b060       0xd3 ./Core/Source/Core_Layer/can.o
 .debug_macro   0x000000000001b133      0x2fe ./Core/Source/Core_Layer/can.o
 .debug_macro   0x000000000001b431      0x275 ./Core/Source/Core_Layer/can.o
 .debug_macro   0x000000000001b6a6      0x160 ./Core/Source/Core_Layer/can.o
 .debug_macro   0x000000000001b806      0x201 ./Core/Source/Core_Layer/main.o
 .debug_macro   0x000000000001ba07      0x201 ./Core/Source/Core_Layer/stm32f3xx_hal_msp.o
 .debug_macro   0x000000000001bc08      0x20b ./Core/Source/Core_Layer/stm32f3xx_it.o
 .debug_macro   0x000000000001be13      0x1f2 ./Core/Source/Core_Layer/system_stm32f3xx.o
 .debug_macro   0x000000000001c005      0x216 ./Drivers/STM32F3xx_HAL_Driver/Src/stm32f3xx_hal.o
 .debug_macro   0x000000000001c21b      0x1fa ./Drivers/STM32F3xx_HAL_Driver/Src/stm32f3xx_hal_can.o
 .debug_macro   0x000000000001c415      0x1f2 ./Drivers/STM32F3xx_HAL_Driver/Src/stm32f3xx_hal_cortex.o
 .debug_macro   0x000000000001c607      0x1f9 ./Drivers/STM32F3xx_HAL_Driver/Src/stm32f3xx_hal_gpio.o
 .debug_macro   0x000000000001c800      0x2be ./Drivers/STM32F3xx_HAL_Driver/Src/stm32f3xx_hal_i2c.o
 .debug_macro   0x000000000001cabe      0x1f2 ./Drivers/STM32F3xx_HAL_Driver/Src/stm32f3xx_hal_i2c_ex.o
 .debug_macro   0x000000000001ccb0      0x1fe ./Drivers/STM32F3xx_HAL_Driver/Src/stm32f3xx_hal_pcd.o
 .debug_macro   0x000000000001ceae      0x216 ./Drivers/STM32F3xx_HAL_Driver/Src/stm32f3xx_hal_rcc.o
 .debug_macro   0x000000000001d0c4      0x1f2 ./Drivers/STM32F3xx_HAL_Driver/Src/stm32f3xx_hal_rcc_ex.o
 .debug_macro   0x000000000001d2b6      0x1fa ./Drivers/STM32F3xx_HAL_Driver/Src/stm32f3xx_hal_spi.o
 .debug_macro   0x000000000001d4b0      0x1f2 ./Drivers/STM32F3xx_HAL_Driver/Src/stm32f3xx_ll_usb.o

.debug_line     0x0000000000000000    0x10431
 .debug_line    0x0000000000000000      0x8b6 ./Core/Source/Core_Layer/can.o
 .debug_line    0x00000000000008b6      0x91c ./Core/Source/Core_Layer/main.o
 .debug_line    0x00000000000011d2      0x8c9 ./Core/Source/Core_Layer/stm32f3xx_hal_msp.o
 .debug_line    0x0000000000001a9b      0x892 ./Core/Source/Core_Layer/stm32f3xx_it.o
 .debug_line    0x000000000000232d      0x7cb ./Core/Source/Core_Layer/system_stm32f3xx.o
 .debug_line    0x0000000000002af8       0x88 ./Core/Startup/startup_stm32f303vctx.o
 .debug_line    0x0000000000002b80      0x9f2 ./Drivers/STM32F3xx_HAL_Driver/Src/stm32f3xx_hal.o
 .debug_line    0x0000000000003572     0x1197 ./Drivers/STM32F3xx_HAL_Driver/Src/stm32f3xx_hal_can.o
 .debug_line    0x0000000000004709      0xcb7 ./Drivers/STM32F3xx_HAL_Driver/Src/stm32f3xx_hal_cortex.o
 .debug_line    0x00000000000053c0      0xb51 ./Drivers/STM32F3xx_HAL_Driver/Src/stm32f3xx_hal_gpio.o
 .debug_line    0x0000000000005f11     0x37c1 ./Drivers/STM32F3xx_HAL_Driver/Src/stm32f3xx_hal_i2c.o
 .debug_line    0x00000000000096d2      0x964 ./Drivers/STM32F3xx_HAL_Driver/Src/stm32f3xx_hal_i2c_ex.o
 .debug_line    0x000000000000a036     0x1339 ./Drivers/STM32F3xx_HAL_Driver/Src/stm32f3xx_hal_pcd.o
 .debug_line    0x000000000000b36f     0x13cf ./Drivers/STM32F3xx_HAL_Driver/Src/stm32f3xx_hal_rcc.o
 .debug_line    0x000000000000c73e      0xd5b ./Drivers/STM32F3xx_HAL_Driver/Src/stm32f3xx_hal_rcc_ex.o
 .debug_line    0x000000000000d499     0x1fad ./Drivers/STM32F3xx_HAL_Driver/Src/stm32f3xx_hal_spi.o
 .debug_line    0x000000000000f446      0xfeb ./Drivers/STM32F3xx_HAL_Driver/Src/stm32f3xx_ll_usb.o

.debug_str      0x0000000000000000    0xae8f2
 .debug_str     0x0000000000000000    0xaac49 ./Core/Source/Core_Layer/can.o
                                      0xab348 (size before relaxing)
 .debug_str     0x00000000000aac49      0xcaa ./Core/Source/Core_Layer/main.o
                                      0xaadb4 (size before relaxing)
 .debug_str     0x00000000000ab8f3      0x468 ./Core/Source/Core_Layer/stm32f3xx_hal_msp.o
                                      0xab17f (size before relaxing)
 .debug_str     0x00000000000abd5b       0xfd ./Core/Source/Core_Layer/stm32f3xx_it.o
                                      0xaa2fe (size before relaxing)
 .debug_str     0x00000000000abe58       0xed ./Core/Source/Core_Layer/system_stm32f3xx.o
                                      0xa9b6f (size before relaxing)
 .debug_str     0x00000000000abf45       0x36 ./Core/Startup/startup_stm32f303vctx.o
                                         0x94 (size before relaxing)
 .debug_str     0x00000000000abf7b      0x37a ./Drivers/STM32F3xx_HAL_Driver/Src/stm32f3xx_hal.o
                                      0xaa39f (size before relaxing)
 .debug_str     0x00000000000ac2f5      0x3e0 ./Drivers/STM32F3xx_HAL_Driver/Src/stm32f3xx_hal_can.o
                                      0xaa2e8 (size before relaxing)
 .debug_str     0x00000000000ac6d5      0x327 ./Drivers/STM32F3xx_HAL_Driver/Src/stm32f3xx_hal_cortex.o
                                      0xaa3f1 (size before relaxing)
 .debug_str     0x00000000000ac9fc      0x130 ./Drivers/STM32F3xx_HAL_Driver/Src/stm32f3xx_hal_gpio.o
                                      0xa9cce (size before relaxing)
 .debug_str     0x00000000000acb2c      0xe4f ./Drivers/STM32F3xx_HAL_Driver/Src/stm32f3xx_hal_i2c.o
                                      0xaae64 (size before relaxing)
 .debug_str     0x00000000000ad97b       0xb8 ./Drivers/STM32F3xx_HAL_Driver/Src/stm32f3xx_hal_i2c_ex.o
                                      0xaa082 (size before relaxing)
 .debug_str     0x00000000000ada33      0x507 ./Drivers/STM32F3xx_HAL_Driver/Src/stm32f3xx_hal_pcd.o
                                      0xaa376 (size before relaxing)
 .debug_str     0x00000000000adf3a      0x2b8 ./Drivers/STM32F3xx_HAL_Driver/Src/stm32f3xx_hal_rcc.o
                                      0xaa001 (size before relaxing)
 .debug_str     0x00000000000ae1f2       0xbe ./Drivers/STM32F3xx_HAL_Driver/Src/stm32f3xx_hal_rcc_ex.o
                                      0xa9dc5 (size before relaxing)
 .debug_str     0x00000000000ae2b0      0x56a ./Drivers/STM32F3xx_HAL_Driver/Src/stm32f3xx_hal_spi.o
                                      0xaa487 (size before relaxing)
 .debug_str     0x00000000000ae81a       0xd8 ./Drivers/STM32F3xx_HAL_Driver/Src/stm32f3xx_ll_usb.o
                                      0xa9ecb (size before relaxing)

.comment        0x0000000000000000       0x50
 .comment       0x0000000000000000       0x50 ./Core/Source/Core_Layer/can.o
                                         0x51 (size before relaxing)
 .comment       0x0000000000000050       0x51 ./Core/Source/Core_Layer/main.o
 .comment       0x0000000000000050       0x51 ./Core/Source/Core_Layer/stm32f3xx_hal_msp.o
 .comment       0x0000000000000050       0x51 ./Core/Source/Core_Layer/stm32f3xx_it.o
 .comment       0x0000000000000050       0x51 ./Core/Source/Core_Layer/system_stm32f3xx.o
 .comment       0x0000000000000050       0x51 ./Drivers/STM32F3xx_HAL_Driver/Src/stm32f3xx_hal.o
 .comment       0x0000000000000050       0x51 ./Drivers/STM32F3xx_HAL_Driver/Src/stm32f3xx_hal_can.o
 .comment       0x0000000000000050       0x51 ./Drivers/STM32F3xx_HAL_Driver/Src/stm32f3xx_hal_cortex.o
 .comment       0x0000000000000050       0x51 ./Drivers/STM32F3xx_HAL_Driver/Src/stm32f3xx_hal_gpio.o
 .comment       0x0000000000000050       0x51 ./Drivers/STM32F3xx_HAL_Driver/Src/stm32f3xx_hal_i2c.o
 .comment       0x0000000000000050       0x51 ./Drivers/STM32F3xx_HAL_Driver/Src/stm32f3xx_hal_i2c_ex.o
 .comment       0x0000000000000050       0x51 ./Drivers/STM32F3xx_HAL_Driver/Src/stm32f3xx_hal_pcd.o
 .comment       0x0000000000000050       0x51 ./Drivers/STM32F3xx_HAL_Driver/Src/stm32f3xx_hal_rcc.o
 .comment       0x0000000000000050       0x51 ./Drivers/STM32F3xx_HAL_Driver/Src/stm32f3xx_hal_rcc_ex.o
 .comment       0x0000000000000050       0x51 ./Drivers/STM32F3xx_HAL_Driver/Src/stm32f3xx_hal_spi.o
 .comment       0x0000000000000050       0x51 ./Drivers/STM32F3xx_HAL_Driver/Src/stm32f3xx_ll_usb.o

.debug_frame    0x0000000000000000     0x34d8
 .debug_frame   0x0000000000000000       0xbc ./Core/Source/Core_Layer/can.o
 .debug_frame   0x00000000000000bc       0xe4 ./Core/Source/Core_Layer/main.o
 .debug_frame   0x00000000000001a0      0x154 ./Core/Source/Core_Layer/stm32f3xx_hal_msp.o
 .debug_frame   0x00000000000002f4      0x158 ./Core/Source/Core_Layer/stm32f3xx_it.o
 .debug_frame   0x000000000000044c       0x58 ./Core/Source/Core_Layer/system_stm32f3xx.o
 .debug_frame   0x00000000000004a4      0x334 ./Drivers/STM32F3xx_HAL_Driver/Src/stm32f3xx_hal.o
 .debug_frame   0x00000000000007d8      0x5a0 ./Drivers/STM32F3xx_HAL_Driver/Src/stm32f3xx_hal_can.o
 .debug_frame   0x0000000000000d78      0x498 ./Drivers/STM32F3xx_HAL_Driver/Src/stm32f3xx_hal_cortex.o
 .debug_frame   0x0000000000001210      0x14c ./Drivers/STM32F3xx_HAL_Driver/Src/stm32f3xx_hal_gpio.o
 .debug_frame   0x000000000000135c      0xc38 ./Drivers/STM32F3xx_HAL_Driver/Src/stm32f3xx_hal_i2c.o
 .debug_frame   0x0000000000001f94      0x100 ./Drivers/STM32F3xx_HAL_Driver/Src/stm32f3xx_hal_i2c_ex.o
 .debug_frame   0x0000000000002094      0x59c ./Drivers/STM32F3xx_HAL_Driver/Src/stm32f3xx_hal_pcd.o
 .debug_frame   0x0000000000002630      0x214 ./Drivers/STM32F3xx_HAL_Driver/Src/stm32f3xx_hal_rcc.o
 .debug_frame   0x0000000000002844       0xb0 ./Drivers/STM32F3xx_HAL_Driver/Src/stm32f3xx_hal_rcc_ex.o
 .debug_frame   0x00000000000028f4      0x860 ./Drivers/STM32F3xx_HAL_Driver/Src/stm32f3xx_hal_spi.o
 .debug_frame   0x0000000000003154      0x338 ./Drivers/STM32F3xx_HAL_Driver/Src/stm32f3xx_ll_usb.o
 .debug_frame   0x000000000000348c       0x2c c:/st/stm32cubeide_1.9.0/stm32cubeide/plugins/com.st.stm32cube.ide.mcu.externaltools.gnu-tools-for-stm32.10.3-2021.10.win32_1.0.0.202111181127/tools/bin/../lib/gcc/arm-none-eabi/10.3.1/../../../../arm-none-eabi/lib/thumb/v7e-m+fp/hard\libc_nano.a(lib_a-init.o)
 .debug_frame   0x00000000000034b8       0x20 c:/st/stm32cubeide_1.9.0/stm32cubeide/plugins/com.st.stm32cube.ide.mcu.externaltools.gnu-tools-for-stm32.10.3-2021.10.win32_1.0.0.202111181127/tools/bin/../lib/gcc/arm-none-eabi/10.3.1/../../../../arm-none-eabi/lib/thumb/v7e-m+fp/hard\libc_nano.a(lib_a-memset.o)
