Archive member included to satisfy reference by file (symbol)

c:/st/stm32cubeide_1.9.0/stm32cubeide/plugins/com.st.stm32cube.ide.mcu.externaltools.gnu-tools-for-stm32.10.3-2021.10.win32_1.0.0.202111181127/tools/bin/../lib/gcc/arm-none-eabi/10.3.1/../../../../arm-none-eabi/lib/thumb/v7e-m+fp/hard\libc_nano.a(lib_a-errno.o)
                              ./Core/Source/Core_Layer/syscalls.o (__errno)
c:/st/stm32cubeide_1.9.0/stm32cubeide/plugins/com.st.stm32cube.ide.mcu.externaltools.gnu-tools-for-stm32.10.3-2021.10.win32_1.0.0.202111181127/tools/bin/../lib/gcc/arm-none-eabi/10.3.1/../../../../arm-none-eabi/lib/thumb/v7e-m+fp/hard\libc_nano.a(lib_a-exit.o)
                              c:/st/stm32cubeide_1.9.0/stm32cubeide/plugins/com.st.stm32cube.ide.mcu.externaltools.gnu-tools-for-stm32.10.3-2021.10.win32_1.0.0.202111181127/tools/bin/../lib/gcc/arm-none-eabi/10.3.1/../../../../arm-none-eabi/lib/thumb/v7e-m+fp/hard/crt0.o (exit)
c:/st/stm32cubeide_1.9.0/stm32cubeide/plugins/com.st.stm32cube.ide.mcu.externaltools.gnu-tools-for-stm32.10.3-2021.10.win32_1.0.0.202111181127/tools/bin/../lib/gcc/arm-none-eabi/10.3.1/../../../../arm-none-eabi/lib/thumb/v7e-m+fp/hard\libc_nano.a(lib_a-impure.o)
                              c:/st/stm32cubeide_1.9.0/stm32cubeide/plugins/com.st.stm32cube.ide.mcu.externaltools.gnu-tools-for-stm32.10.3-2021.10.win32_1.0.0.202111181127/tools/bin/../lib/gcc/arm-none-eabi/10.3.1/../../../../arm-none-eabi/lib/thumb/v7e-m+fp/hard\libc_nano.a(lib_a-exit.o) (_global_impure_ptr)
c:/st/stm32cubeide_1.9.0/stm32cubeide/plugins/com.st.stm32cube.ide.mcu.externaltools.gnu-tools-for-stm32.10.3-2021.10.win32_1.0.0.202111181127/tools/bin/../lib/gcc/arm-none-eabi/10.3.1/../../../../arm-none-eabi/lib/thumb/v7e-m+fp/hard\libc_nano.a(lib_a-init.o)
                              c:/st/stm32cubeide_1.9.0/stm32cubeide/plugins/com.st.stm32cube.ide.mcu.externaltools.gnu-tools-for-stm32.10.3-2021.10.win32_1.0.0.202111181127/tools/bin/../lib/gcc/arm-none-eabi/10.3.1/../../../../arm-none-eabi/lib/thumb/v7e-m+fp/hard/crt0.o (__libc_init_array)
c:/st/stm32cubeide_1.9.0/stm32cubeide/plugins/com.st.stm32cube.ide.mcu.externaltools.gnu-tools-for-stm32.10.3-2021.10.win32_1.0.0.202111181127/tools/bin/../lib/gcc/arm-none-eabi/10.3.1/../../../../arm-none-eabi/lib/thumb/v7e-m+fp/hard\libc_nano.a(lib_a-memset.o)
                              c:/st/stm32cubeide_1.9.0/stm32cubeide/plugins/com.st.stm32cube.ide.mcu.externaltools.gnu-tools-for-stm32.10.3-2021.10.win32_1.0.0.202111181127/tools/bin/../lib/gcc/arm-none-eabi/10.3.1/../../../../arm-none-eabi/lib/thumb/v7e-m+fp/hard/crt0.o (memset)

Discarded input sections

 .text          0x0000000000000000        0x0 c:/st/stm32cubeide_1.9.0/stm32cubeide/plugins/com.st.stm32cube.ide.mcu.externaltools.gnu-tools-for-stm32.10.3-2021.10.win32_1.0.0.202111181127/tools/bin/../lib/gcc/arm-none-eabi/10.3.1/thumb/v7e-m+fp/hard/crti.o
 .data          0x0000000000000000        0x0 c:/st/stm32cubeide_1.9.0/stm32cubeide/plugins/com.st.stm32cube.ide.mcu.externaltools.gnu-tools-for-stm32.10.3-2021.10.win32_1.0.0.202111181127/tools/bin/../lib/gcc/arm-none-eabi/10.3.1/thumb/v7e-m+fp/hard/crti.o
 .bss           0x0000000000000000        0x0 c:/st/stm32cubeide_1.9.0/stm32cubeide/plugins/com.st.stm32cube.ide.mcu.externaltools.gnu-tools-for-stm32.10.3-2021.10.win32_1.0.0.202111181127/tools/bin/../lib/gcc/arm-none-eabi/10.3.1/thumb/v7e-m+fp/hard/crti.o
 .data          0x0000000000000000        0x4 c:/st/stm32cubeide_1.9.0/stm32cubeide/plugins/com.st.stm32cube.ide.mcu.externaltools.gnu-tools-for-stm32.10.3-2021.10.win32_1.0.0.202111181127/tools/bin/../lib/gcc/arm-none-eabi/10.3.1/thumb/v7e-m+fp/hard/crtbegin.o
 .rodata        0x0000000000000000       0x24 c:/st/stm32cubeide_1.9.0/stm32cubeide/plugins/com.st.stm32cube.ide.mcu.externaltools.gnu-tools-for-stm32.10.3-2021.10.win32_1.0.0.202111181127/tools/bin/../lib/gcc/arm-none-eabi/10.3.1/thumb/v7e-m+fp/hard/crtbegin.o
 .text          0x0000000000000000       0x7c c:/st/stm32cubeide_1.9.0/stm32cubeide/plugins/com.st.stm32cube.ide.mcu.externaltools.gnu-tools-for-stm32.10.3-2021.10.win32_1.0.0.202111181127/tools/bin/../lib/gcc/arm-none-eabi/10.3.1/../../../../arm-none-eabi/lib/thumb/v7e-m+fp/hard/crt0.o
 .data          0x0000000000000000        0x0 c:/st/stm32cubeide_1.9.0/stm32cubeide/plugins/com.st.stm32cube.ide.mcu.externaltools.gnu-tools-for-stm32.10.3-2021.10.win32_1.0.0.202111181127/tools/bin/../lib/gcc/arm-none-eabi/10.3.1/../../../../arm-none-eabi/lib/thumb/v7e-m+fp/hard/crt0.o
 .bss           0x0000000000000000        0x0 c:/st/stm32cubeide_1.9.0/stm32cubeide/plugins/com.st.stm32cube.ide.mcu.externaltools.gnu-tools-for-stm32.10.3-2021.10.win32_1.0.0.202111181127/tools/bin/../lib/gcc/arm-none-eabi/10.3.1/../../../../arm-none-eabi/lib/thumb/v7e-m+fp/hard/crt0.o
[...]
Memory Configuration

Name             Origin             Length             Attributes
CCMRAM           0x0000000010000000 0x0000000000002000 xrw
RAM              0x0000000020000000 0x000000000000a000 xrw
FLASH            0x0000000008000000 0x0000000000040000 xr
*default*        0x0000000000000000 0xffffffffffffffff

Linker script and memory map

LOAD c:/st/stm32cubeide_1.9.0/stm32cubeide/plugins/com.st.stm32cube.ide.mcu.externaltools.gnu-tools-for-stm32.10.3-2021.10.win32_1.0.0.202111181127/tools/bin/../lib/gcc/arm-none-eabi/10.3.1/thumb/v7e-m+fp/hard/crti.o
LOAD c:/st/stm32cubeide_1.9.0/stm32cubeide/plugins/com.st.stm32cube.ide.mcu.externaltools.gnu-tools-for-stm32.10.3-2021.10.win32_1.0.0.202111181127/tools/bin/../lib/gcc/arm-none-eabi/10.3.1/thumb/v7e-m+fp/hard/crtbegin.o
LOAD c:/st/stm32cubeide_1.9.0/stm32cubeide/plugins/com.st.stm32cube.ide.mcu.externaltools.gnu-tools-for-stm32.10.3-2021.10.win32_1.0.0.202111181127/tools/bin/../lib/gcc/arm-none-eabi/10.3.1/../../../../arm-none-eabi/lib/thumb/v7e-m+fp/hard/crt0.o
LOAD ./Core/Source/Core_Layer/main.o
LOAD ./Core/Source/Core_Layer/stm32f3xx_hal_msp.o
LOAD ./Core/Source/Core_Layer/stm32f3xx_it.o
LOAD ./Core/Source/Core_Layer/syscalls.o
LOAD ./Core/Source/Core_Layer/sysmem.o
LOAD ./Core/Source/Core_Layer/system_stm32f3xx.o
LOAD ./Core/Startup/startup_stm32f303vctx.o
LOAD ./Drivers/STM32F3xx_HAL_Driver/Src/stm32f3xx_hal.o
LOAD ./Drivers/STM32F3xx_HAL_Driver/Src/stm32f3xx_hal_can.o
LOAD ./Drivers/STM32F3xx_HAL_Driver/Src/stm32f3xx_hal_cortex.o
LOAD ./Drivers/STM32F3xx_HAL_Driver/Src/stm32f3xx_hal_dma.o
LOAD ./Drivers/STM32F3xx_HAL_Driver/Src/stm32f3xx_hal_exti.o
LOAD ./Drivers/STM32F3xx_HAL_Driver/Src/stm32f3xx_hal_flash.o
LOAD ./Drivers/STM32F3xx_HAL_Driver/Src/stm32f3xx_hal_flash_ex.o
LOAD ./Drivers/STM32F3xx_HAL_Driver/Src/stm32f3xx_hal_gpio.o
LOAD ./Drivers/STM32F3xx_HAL_Driver/Src/stm32f3xx_hal_i2c.o
LOAD ./Drivers/STM32F3xx_HAL_Driver/Src/stm32f3xx_hal_i2c_ex.o
LOAD ./Drivers/STM32F3xx_HAL_Driver/Src/stm32f3xx_hal_pcd.o
LOAD ./Drivers/STM32F3xx_HAL_Driver/Src/stm32f3xx_hal_pcd_ex.o
LOAD ./Drivers/STM32F3xx_HAL_Driver/Src/stm32f3xx_hal_pwr.o
LOAD ./Drivers/STM32F3xx_HAL_Driver/Src/stm32f3xx_hal_pwr_ex.o
LOAD ./Drivers/STM32F3xx_HAL_Driver/Src/stm32f3xx_hal_rcc.o
LOAD ./Drivers/STM32F3xx_HAL_Driver/Src/stm32f3xx_hal_rcc_ex.o
LOAD ./Drivers/STM32F3xx_HAL_Driver/Src/stm32f3xx_hal_spi.o
LOAD ./Drivers/STM32F3xx_HAL_Driver/Src/stm32f3xx_hal_spi_ex.o
LOAD ./Drivers/STM32F3xx_HAL_Driver/Src/stm32f3xx_hal_tim.o
LOAD ./Drivers/STM32F3xx_HAL_Driver/Src/stm32f3xx_hal_tim_ex.o
LOAD ./Drivers/STM32F3xx_HAL_Driver/Src/stm32f3xx_ll_usb.o
START GROUP
LOAD c:/st/stm32cubeide_1.9.0/stm32cubeide/plugins/com.st.stm32cube.ide.mcu.externaltools.gnu-tools-for-stm32.10.3-2021.10.win32_1.0.0.202111181127/tools/bin/../lib/gcc/arm-none-eabi/10.3.1/../../../../arm-none-eabi/lib/thumb/v7e-m+fp/hard\libc_nano.a
LOAD c:/st/stm32cubeide_1.9.0/stm32cubeide/plugins/com.st.stm32cube.ide.mcu.externaltools.gnu-tools-for-stm32.10.3-2021.10.win32_1.0.0.202111181127/tools/bin/../lib/gcc/arm-none-eabi/10.3.1/../../../../arm-none-eabi/lib/thumb/v7e-m+fp/hard\libm.a
END GROUP
START GROUP
LOAD c:/st/stm32cubeide_1.9.0/stm32cubeide/plugins/com.st.stm32cube.ide.mcu.externaltools.gnu-tools-for-stm32.10.3-2021.10.win32_1.0.0.202111181127/tools/bin/../lib/gcc/arm-none-eabi/10.3.1/thumb/v7e-m+fp/hard\libgcc.a
LOAD c:/st/stm32cubeide_1.9.0/stm32cubeide/plugins/com.st.stm32cube.ide.mcu.externaltools.gnu-tools-for-stm32.10.3-2021.10.win32_1.0.0.202111181127/tools/bin/../lib/gcc/arm-none-eabi/10.3.1/../../../../arm-none-eabi/lib/thumb/v7e-m+fp/hard\libc_nano.a
END GROUP
START GROUP
LOAD c:/st/stm32cubeide_1.9.0/stm32cubeide/plugins/com.st.stm32cube.ide.mcu.externaltools.gnu-tools-for-stm32.10.3-2021.10.win32_1.0.0.202111181127/tools/bin/../lib/gcc/arm-none-eabi/10.3.1/thumb/v7e-m+fp/hard\libgcc.a
LOAD c:/st/stm32cubeide_1.9.0/stm32cubeide/plugins/com.st.stm32cube.ide.mcu.externaltools.gnu-tools-for-stm32.10.3-2021.10.win32_1.0.0.202111181127/tools/bin/../lib/gcc/arm-none-eabi/10.3.1/../../../../arm-none-eabi/lib/thumb/v7e-m+fp/hard\libc_nano.a
LOAD c:/st/stm32cubeide_1.9.0/stm32cubeide/plugins/com.st.stm32cube.ide.mcu.externaltools.gnu-tools-for-stm32.10.3-2021.10.win32_1.0.0.202111181127/tools/bin/../lib/gcc/arm-none-eabi/10.3.1/../../../../arm-none-eabi/lib/thumb/v7e-m+fp/hard\libnosys.a
END GROUP
START GROUP
LOAD c:/st/stm32cubeide_1.9.0/stm32cubeide/plugins/com.st.stm32cube.ide.mcu.externaltools.gnu-tools-for-stm32.10.3-2021.10.win32_1.0.0.202111181127/tools/bin/../lib/gcc/arm-none-eabi/10.3.1/thumb/v7e-m+fp/hard\libgcc.a
LOAD c:/st/stm32cubeide_1.9.0/stm32cubeide/plugins/com.st.stm32cube.ide.mcu.externaltools.gnu-tools-for-stm32.10.3-2021.10.win32_1.0.0.202111181127/tools/bin/../lib/gcc/arm-none-eabi/10.3.1/../../../../arm-none-eabi/lib/thumb/v7e-m+fp/hard\libc_nano.a
LOAD c:/st/stm32cubeide_1.9.0/stm32cubeide/plugins/com.st.stm32cube.ide.mcu.externaltools.gnu-tools-for-stm32.10.3-2021.10.win32_1.0.0.202111181127/tools/bin/../lib/gcc/arm-none-eabi/10.3.1/../../../../arm-none-eabi/lib/thumb/v7e-m+fp/hard\libnosys.a
END GROUP
LOAD c:/st/stm32cubeide_1.9.0/stm32cubeide/plugins/com.st.stm32cube.ide.mcu.externaltools.gnu-tools-for-stm32.10.3-2021.10.win32_1.0.0.202111181127/tools/bin/../lib/gcc/arm-none-eabi/10.3.1/thumb/v7e-m+fp/hard/crtend.o
LOAD c:/st/stm32cubeide_1.9.0/stm32cubeide/plugins/com.st.stm32cube.ide.mcu.externaltools.gnu-tools-for-stm32.10.3-2021.10.win32_1.0.0.202111181127/tools/bin/../lib/gcc/arm-none-eabi/10.3.1/thumb/v7e-m+fp/hard/crtn.o
                0x000000002000a000                _estack = (ORIGIN (RAM) + LENGTH (RAM))
                0x0000000000000200                _Min_Heap_Size = 0x200
                0x0000000000000400                _Min_Stack_Size = 0x400

.isr_vector     0x0000000008000000      0x188
                0x0000000008000000                . = ALIGN (0x4)
 *(.isr_vector)
 .isr_vector    0x0000000008000000      0x188 ./Core/Startup/startup_stm32f303vctx.o
                0x0000000008000000                g_pfnVectors
                0x0000000008000188                . = ALIGN (0x4)

.text           0x0000000008000188     0x399c
                0x0000000008000188                . = ALIGN (0x4)
 *(.text)
 .text          0x0000000008000188       0x40 c:/st/stm32cubeide_1.9.0/stm32cubeide/plugins/com.st.stm32cube.ide.mcu.externaltools.gnu-tools-for-stm32.10.3-2021.10.win32_1.0.0.202111181127/tools/bin/../lib/gcc/arm-none-eabi/10.3.1/thumb/v7e-m+fp/hard/crtbegin.o
 *(.text*)
 .text.main     0x00000000080001c8       0x4c ./Core/Source/Core_Layer/main.o
                0x00000000080001c8                main
 .text.SystemClock_Config
                0x0000000008000214       0xc4 ./Core/Source/Core_Layer/main.o
                0x0000000008000214                SystemClock_Config
 .text.CAN_Init
                0x00000000080002d8       0x6c ./Core/Source/Core_Layer/main.o
 .text.I2C1_Init
                0x0000000008000344       0x80 ./Core/Source/Core_Layer/main.o
 .text.SPI1_Init
                0x00000000080003c4       0x7c ./Core/Source/Core_Layer/main.o
 .text.USB_PCD_Init
                0x0000000008000440       0x44 ./Core/Source/Core_Layer/main.o
 .text.GPIO_Init
                0x0000000008000484      0x114 ./Core/Source/Core_Layer/main.o
 .text.CAN_Configuration
                0x0000000008000598       0x4c ./Core/Source/Core_Layer/main.o
                0x0000000008000598                CAN_Configuration
 .text.CAN_Tx   0x00000000080005e4       0x64 ./Core/Source/Core_Layer/main.o
                0x00000000080005e4                CAN_Tx
 .text.USB_LP_CAN_RX0_IRQHandler
                0x0000000008000648       0x3c ./Core/Source/Core_Layer/main.o
                0x0000000008000648                USB_LP_CAN_RX0_IRQHandler
 .text.Error_Handler
                0x0000000008000684        0xa ./Core/Source/Core_Layer/main.o
                0x0000000008000684                Error_Handler
 *fill*         0x000000000800068e        0x2 
 .text.HAL_MspInit
                0x0000000008000690       0x48 ./Core/Source/Core_Layer/stm32f3xx_hal_msp.o
                0x0000000008000690                HAL_MspInit
 .text.HAL_CAN_MspInit
                0x00000000080006d8       0xc8 ./Core/Source/Core_Layer/stm32f3xx_hal_msp.o
                0x00000000080006d8                HAL_CAN_MspInit
 .text.HAL_I2C_MspInit
                0x00000000080007a0       0x88 ./Core/Source/Core_Layer/stm32f3xx_hal_msp.o
                0x00000000080007a0                HAL_I2C_MspInit
 .text.HAL_SPI_MspInit
                0x0000000008000828       0x84 ./Core/Source/Core_Layer/stm32f3xx_hal_msp.o
                0x0000000008000828                HAL_SPI_MspInit
 .text.HAL_PCD_MspInit
                0x00000000080008ac       0x88 ./Core/Source/Core_Layer/stm32f3xx_hal_msp.o
                0x00000000080008ac                HAL_PCD_MspInit
 .text.NMI_Handler
                0x0000000008000934        0x6 ./Core/Source/Core_Layer/stm32f3xx_it.o
                0x0000000008000934                NMI_Handler
 .text.HardFault_Handler
                0x000000000800093a        0x6 ./Core/Source/Core_Layer/stm32f3xx_it.o
                0x000000000800093a                HardFault_Handler
 .text.MemManage_Handler
                0x0000000008000940        0x6 ./Core/Source/Core_Layer/stm32f3xx_it.o
                0x0000000008000940                MemManage_Handler
 .text.BusFault_Handler
                0x0000000008000946        0x6 ./Core/Source/Core_Layer/stm32f3xx_it.o
                0x0000000008000946                BusFault_Handler
 .text.UsageFault_Handler
                0x000000000800094c        0x6 ./Core/Source/Core_Layer/stm32f3xx_it.o
                0x000000000800094c                UsageFault_Handler
 .text.SVC_Handler
                0x0000000008000952        0xe ./Core/Source/Core_Layer/stm32f3xx_it.o
                0x0000000008000952                SVC_Handler
 .text.DebugMon_Handler
                0x0000000008000960        0xe ./Core/Source/Core_Layer/stm32f3xx_it.o
                0x0000000008000960                DebugMon_Handler
 .text.PendSV_Handler
                0x000000000800096e        0xe ./Core/Source/Core_Layer/stm32f3xx_it.o
                0x000000000800096e                PendSV_Handler
 .text.SysTick_Handler
                0x000000000800097c        0xc ./Core/Source/Core_Layer/stm32f3xx_it.o
                0x000000000800097c                SysTick_Handler
 .text.USB_HP_CAN_TX_IRQHandler
                0x0000000008000988       0x14 ./Core/Source/Core_Layer/stm32f3xx_it.o
                0x0000000008000988                USB_HP_CAN_TX_IRQHandler
 .text.CAN_RX1_IRQHandler
                0x000000000800099c       0x14 ./Core/Source/Core_Layer/stm32f3xx_it.o
                0x000000000800099c                CAN_RX1_IRQHandler
 .text.CAN_SCE_IRQHandler
                0x00000000080009b0       0x14 ./Core/Source/Core_Layer/stm32f3xx_it.o
                0x00000000080009b0                CAN_SCE_IRQHandler
 .text.SystemInit
                0x00000000080009c4       0x24 ./Core/Source/Core_Layer/system_stm32f3xx.o
                0x00000000080009c4                SystemInit
 .text.Reset_Handler
                0x00000000080009e8       0x50 ./Core/Startup/startup_stm32f303vctx.o
                0x00000000080009e8                Reset_Handler
 .text.Default_Handler
                0x0000000008000a38        0x2 ./Core/Startup/startup_stm32f303vctx.o
                0x0000000008000a38                RTC_Alarm_IRQHandler
                0x0000000008000a38                TIM8_TRG_COM_IRQHandler
                0x0000000008000a38                TIM8_CC_IRQHandler
                0x0000000008000a38                TIM1_CC_IRQHandler
                0x0000000008000a38                USB_HP_IRQHandler
                0x0000000008000a38                PVD_IRQHandler
                0x0000000008000a38                TAMP_STAMP_IRQHandler
                0x0000000008000a38                EXTI3_IRQHandler
                0x0000000008000a38                EXTI0_IRQHandler
                0x0000000008000a38                I2C2_EV_IRQHandler
                0x0000000008000a38                FPU_IRQHandler
                0x0000000008000a38                TIM1_UP_TIM16_IRQHandler
                0x0000000008000a38                ADC1_2_IRQHandler
                0x0000000008000a38                SPI1_IRQHandler
                0x0000000008000a38                TIM6_DAC_IRQHandler
                0x0000000008000a38                TIM8_UP_IRQHandler
                0x0000000008000a38                DMA2_Channel2_IRQHandler
                0x0000000008000a38                DMA1_Channel4_IRQHandler
                0x0000000008000a38                USART3_IRQHandler
                0x0000000008000a38                DMA1_Channel7_IRQHandler
                0x0000000008000a38                UART5_IRQHandler
                0x0000000008000a38                ADC3_IRQHandler
                0x0000000008000a38                TIM4_IRQHandler
                0x0000000008000a38                DMA2_Channel1_IRQHandler
                0x0000000008000a38                I2C1_EV_IRQHandler
                0x0000000008000a38                DMA1_Channel6_IRQHandler
                0x0000000008000a38                UART4_IRQHandler
                0x0000000008000a38                DMA2_Channel4_IRQHandler
                0x0000000008000a38                TIM3_IRQHandler
                0x0000000008000a38                RCC_IRQHandler
                0x0000000008000a38                DMA1_Channel1_IRQHandler
                0x0000000008000a38                Default_Handler
                0x0000000008000a38                USBWakeUp_RMP_IRQHandler
                0x0000000008000a38                EXTI15_10_IRQHandler
                0x0000000008000a38                TIM7_IRQHandler
                0x0000000008000a38                EXTI9_5_IRQHandler
                0x0000000008000a38                RTC_WKUP_IRQHandler
                0x0000000008000a38                SPI2_IRQHandler
                0x0000000008000a38                DMA2_Channel5_IRQHandler
                0x0000000008000a38                DMA1_Channel5_IRQHandler
                0x0000000008000a38                USB_LP_IRQHandler
                0x0000000008000a38                EXTI4_IRQHandler
                0x0000000008000a38                TIM1_TRG_COM_TIM17_IRQHandler
                0x0000000008000a38                DMA1_Channel3_IRQHandler
                0x0000000008000a38                ADC4_IRQHandler
                0x0000000008000a38                WWDG_IRQHandler
                0x0000000008000a38                TIM2_IRQHandler
                0x0000000008000a38                COMP7_IRQHandler
                0x0000000008000a38                COMP1_2_3_IRQHandler
                0x0000000008000a38                EXTI1_IRQHandler
                0x0000000008000a38                USART2_IRQHandler
                0x0000000008000a38                COMP4_5_6_IRQHandler
                0x0000000008000a38                I2C2_ER_IRQHandler
                0x0000000008000a38                DMA1_Channel2_IRQHandler
                0x0000000008000a38                TIM8_BRK_IRQHandler
                0x0000000008000a38                FLASH_IRQHandler
                0x0000000008000a38                USART1_IRQHandler
                0x0000000008000a38                SPI3_IRQHandler
                0x0000000008000a38                I2C1_ER_IRQHandler
                0x0000000008000a38                USBWakeUp_IRQHandler
                0x0000000008000a38                DMA2_Channel3_IRQHandler
                0x0000000008000a38                EXTI2_TSC_IRQHandler
                0x0000000008000a38                TIM1_BRK_TIM15_IRQHandler
 *fill*         0x0000000008000a3a        0x2 
 .text.HAL_Init
                0x0000000008000a3c       0x2c ./Drivers/STM32F3xx_HAL_Driver/Src/stm32f3xx_hal.o
                0x0000000008000a3c                HAL_Init
 .text.HAL_InitTick
                0x0000000008000a68       0x60 ./Drivers/STM32F3xx_HAL_Driver/Src/stm32f3xx_hal.o
                0x0000000008000a68                HAL_InitTick
 .text.HAL_IncTick
                0x0000000008000ac8       0x28 ./Drivers/STM32F3xx_HAL_Driver/Src/stm32f3xx_hal.o
                0x0000000008000ac8                HAL_IncTick
 .text.HAL_GetTick
                0x0000000008000af0       0x18 ./Drivers/STM32F3xx_HAL_Driver/Src/stm32f3xx_hal.o
                0x0000000008000af0                HAL_GetTick
 .text.HAL_CAN_Init
                0x0000000008000b08      0x1f6 ./Drivers/STM32F3xx_HAL_Driver/Src/stm32f3xx_hal_can.o
                0x0000000008000b08                HAL_CAN_Init
 .text.HAL_CAN_ConfigFilter
                0x0000000008000cfe      0x194 ./Drivers/STM32F3xx_HAL_Driver/Src/stm32f3xx_hal_can.o
                0x0000000008000cfe                HAL_CAN_ConfigFilter
 .text.HAL_CAN_Start
                0x0000000008000e92       0x88 ./Drivers/STM32F3xx_HAL_Driver/Src/stm32f3xx_hal_can.o
                0x0000000008000e92                HAL_CAN_Start
 .text.HAL_CAN_AddTxMessage
                0x0000000008000f1a      0x1a0 ./Drivers/STM32F3xx_HAL_Driver/Src/stm32f3xx_hal_can.o
                0x0000000008000f1a                HAL_CAN_AddTxMessage
 .text.HAL_CAN_IsTxMessagePending
                0x00000000080010ba       0x48 ./Drivers/STM32F3xx_HAL_Driver/Src/stm32f3xx_hal_can.o
                0x00000000080010ba                HAL_CAN_IsTxMessagePending
 .text.HAL_CAN_GetRxMessage
                0x0000000008001102      0x244 ./Drivers/STM32F3xx_HAL_Driver/Src/stm32f3xx_hal_can.o
                0x0000000008001102                HAL_CAN_GetRxMessage
 .text.HAL_CAN_ActivateNotification
                0x0000000008001346       0x4c ./Drivers/STM32F3xx_HAL_Driver/Src/stm32f3xx_hal_can.o
                0x0000000008001346                HAL_CAN_ActivateNotification
 .text.HAL_CAN_IRQHandler
                0x0000000008001392      0x36e ./Drivers/STM32F3xx_HAL_Driver/Src/stm32f3xx_hal_can.o
                0x0000000008001392                HAL_CAN_IRQHandler
 .text.HAL_CAN_TxMailbox0CompleteCallback
                0x0000000008001700       0x14 ./Drivers/STM32F3xx_HAL_Driver/Src/stm32f3xx_hal_can.o
                0x0000000008001700                HAL_CAN_TxMailbox0CompleteCallback
 .text.HAL_CAN_TxMailbox1CompleteCallback
                0x0000000008001714       0x14 ./Drivers/STM32F3xx_HAL_Driver/Src/stm32f3xx_hal_can.o
                0x0000000008001714                HAL_CAN_TxMailbox1CompleteCallback
 .text.HAL_CAN_TxMailbox2CompleteCallback
                0x0000000008001728       0x14 ./Drivers/STM32F3xx_HAL_Driver/Src/stm32f3xx_hal_can.o
                0x0000000008001728                HAL_CAN_TxMailbox2CompleteCallback
 .text.HAL_CAN_TxMailbox0AbortCallback
                0x000000000800173c       0x14 ./Drivers/STM32F3xx_HAL_Driver/Src/stm32f3xx_hal_can.o
                0x000000000800173c                HAL_CAN_TxMailbox0AbortCallback
 .text.HAL_CAN_TxMailbox1AbortCallback
                0x0000000008001750       0x14 ./Drivers/STM32F3xx_HAL_Driver/Src/stm32f3xx_hal_can.o
                0x0000000008001750                HAL_CAN_TxMailbox1AbortCallback
 .text.HAL_CAN_TxMailbox2AbortCallback
                0x0000000008001764       0x14 ./Drivers/STM32F3xx_HAL_Driver/Src/stm32f3xx_hal_can.o
                0x0000000008001764                HAL_CAN_TxMailbox2AbortCallback
 .text.HAL_CAN_RxFifo0MsgPendingCallback
                0x0000000008001778       0x14 ./Drivers/STM32F3xx_HAL_Driver/Src/stm32f3xx_hal_can.o
                0x0000000008001778                HAL_CAN_RxFifo0MsgPendingCallback
 .text.HAL_CAN_RxFifo0FullCallback
                0x000000000800178c       0x14 ./Drivers/STM32F3xx_HAL_Driver/Src/stm32f3xx_hal_can.o
                0x000000000800178c                HAL_CAN_RxFifo0FullCallback
 .text.HAL_CAN_RxFifo1MsgPendingCallback
                0x00000000080017a0       0x14 ./Drivers/STM32F3xx_HAL_Driver/Src/stm32f3xx_hal_can.o
                0x00000000080017a0                HAL_CAN_RxFifo1MsgPendingCallback
 .text.HAL_CAN_RxFifo1FullCallback
                0x00000000080017b4       0x14 ./Drivers/STM32F3xx_HAL_Driver/Src/stm32f3xx_hal_can.o
                0x00000000080017b4                HAL_CAN_RxFifo1FullCallback
 .text.HAL_CAN_SleepCallback
                0x00000000080017c8       0x14 ./Drivers/STM32F3xx_HAL_Driver/Src/stm32f3xx_hal_can.o
                0x00000000080017c8                HAL_CAN_SleepCallback
 .text.HAL_CAN_WakeUpFromRxMsgCallback
                0x00000000080017dc       0x14 ./Drivers/STM32F3xx_HAL_Driver/Src/stm32f3xx_hal_can.o
                0x00000000080017dc                HAL_CAN_WakeUpFromRxMsgCallback
 .text.HAL_CAN_ErrorCallback
                0x00000000080017f0       0x14 ./Drivers/STM32F3xx_HAL_Driver/Src/stm32f3xx_hal_can.o
                0x00000000080017f0                HAL_CAN_ErrorCallback
 .text.__NVIC_SetPriorityGrouping
                0x0000000008001804       0x48 ./Drivers/STM32F3xx_HAL_Driver/Src/stm32f3xx_hal_cortex.o
 .text.__NVIC_GetPriorityGrouping
                0x000000000800184c       0x1c ./Drivers/STM32F3xx_HAL_Driver/Src/stm32f3xx_hal_cortex.o
 .text.__NVIC_EnableIRQ
                0x0000000008001868       0x3c ./Drivers/STM32F3xx_HAL_Driver/Src/stm32f3xx_hal_cortex.o
 .text.__NVIC_SetPriority
                0x00000000080018a4       0x54 ./Drivers/STM32F3xx_HAL_Driver/Src/stm32f3xx_hal_cortex.o
 .text.NVIC_EncodePriority
                0x00000000080018f8       0x66 ./Drivers/STM32F3xx_HAL_Driver/Src/stm32f3xx_hal_cortex.o
 *fill*         0x000000000800195e        0x2 
 .text.SysTick_Config
                0x0000000008001960       0x44 ./Drivers/STM32F3xx_HAL_Driver/Src/stm32f3xx_hal_cortex.o
 .text.HAL_NVIC_SetPriorityGrouping
                0x00000000080019a4       0x16 ./Drivers/STM32F3xx_HAL_Driver/Src/stm32f3xx_hal_cortex.o
                0x00000000080019a4                HAL_NVIC_SetPriorityGrouping
 .text.HAL_NVIC_SetPriority
                0x00000000080019ba       0x38 ./Drivers/STM32F3xx_HAL_Driver/Src/stm32f3xx_hal_cortex.o
                0x00000000080019ba                HAL_NVIC_SetPriority
 .text.HAL_NVIC_EnableIRQ
                0x00000000080019f2       0x1c ./Drivers/STM32F3xx_HAL_Driver/Src/stm32f3xx_hal_cortex.o
                0x00000000080019f2                HAL_NVIC_EnableIRQ
 .text.HAL_SYSTICK_Config
                0x0000000008001a0e       0x18 ./Drivers/STM32F3xx_HAL_Driver/Src/stm32f3xx_hal_cortex.o
                0x0000000008001a0e                HAL_SYSTICK_Config
 *fill*         0x0000000008001a26        0x2 
 .text.HAL_GPIO_Init
                0x0000000008001a28      0x2f4 ./Drivers/STM32F3xx_HAL_Driver/Src/stm32f3xx_hal_gpio.o
                0x0000000008001a28                HAL_GPIO_Init
 .text.HAL_GPIO_WritePin
                0x0000000008001d1c       0x30 ./Drivers/STM32F3xx_HAL_Driver/Src/stm32f3xx_hal_gpio.o
                0x0000000008001d1c                HAL_GPIO_WritePin
 .text.HAL_I2C_Init
                0x0000000008001d4c      0x11e ./Drivers/STM32F3xx_HAL_Driver/Src/stm32f3xx_hal_i2c.o
                0x0000000008001d4c                HAL_I2C_Init
 .text.HAL_I2CEx_ConfigAnalogFilter
                0x0000000008001e6a       0x96 ./Drivers/STM32F3xx_HAL_Driver/Src/stm32f3xx_hal_i2c_ex.o
                0x0000000008001e6a                HAL_I2CEx_ConfigAnalogFilter
 .text.HAL_I2CEx_ConfigDigitalFilter
                0x0000000008001f00       0x98 ./Drivers/STM32F3xx_HAL_Driver/Src/stm32f3xx_hal_i2c_ex.o
                0x0000000008001f00                HAL_I2CEx_ConfigDigitalFilter
 .text.HAL_PCD_Init
                0x0000000008001f98      0x1a4 ./Drivers/STM32F3xx_HAL_Driver/Src/stm32f3xx_hal_pcd.o
                0x0000000008001f98                HAL_PCD_Init
 .text.HAL_RCC_OscConfig
                0x000000000800213c     0x107c ./Drivers/STM32F3xx_HAL_Driver/Src/stm32f3xx_hal_rcc.o
                0x000000000800213c                HAL_RCC_OscConfig
 .text.HAL_RCC_ClockConfig
                0x00000000080031b8      0x2f8 ./Drivers/STM32F3xx_HAL_Driver/Src/stm32f3xx_hal_rcc.o
                0x00000000080031b8                HAL_RCC_ClockConfig
 .text.HAL_RCC_GetSysClockFreq
                0x00000000080034b0       0xd4 ./Drivers/STM32F3xx_HAL_Driver/Src/stm32f3xx_hal_rcc.o
                0x00000000080034b0                HAL_RCC_GetSysClockFreq
 .text.HAL_RCCEx_PeriphCLKConfig
                0x0000000008003584      0x360 ./Drivers/STM32F3xx_HAL_Driver/Src/stm32f3xx_hal_rcc_ex.o
                0x0000000008003584                HAL_RCCEx_PeriphCLKConfig
 .text.HAL_SPI_Init
                0x00000000080038e4      0x156 ./Drivers/STM32F3xx_HAL_Driver/Src/stm32f3xx_hal_spi.o
                0x00000000080038e4                HAL_SPI_Init
 .text.USB_DisableGlobalInt
                0x0000000008003a3a       0x36 ./Drivers/STM32F3xx_HAL_Driver/Src/stm32f3xx_ll_usb.o
                0x0000000008003a3a                USB_DisableGlobalInt
 .text.USB_DevInit
                0x0000000008003a70       0x42 ./Drivers/STM32F3xx_HAL_Driver/Src/stm32f3xx_ll_usb.o
                0x0000000008003a70                USB_DevInit
 *fill*         0x0000000008003ab2        0x2 
 .text.__libc_init_array
                0x0000000008003ab4       0x48 c:/st/stm32cubeide_1.9.0/stm32cubeide/plugins/com.st.stm32cube.ide.mcu.externaltools.gnu-tools-for-stm32.10.3-2021.10.win32_1.0.0.202111181127/tools/bin/../lib/gcc/arm-none-eabi/10.3.1/../../../../arm-none-eabi/lib/thumb/v7e-m+fp/hard\libc_nano.a(lib_a-init.o)
                0x0000000008003ab4                __libc_init_array
 .text.memset   0x0000000008003afc       0x10 c:/st/stm32cubeide_1.9.0/stm32cubeide/plugins/com.st.stm32cube.ide.mcu.externaltools.gnu-tools-for-stm32.10.3-2021.10.win32_1.0.0.202111181127/tools/bin/../lib/gcc/arm-none-eabi/10.3.1/../../../../arm-none-eabi/lib/thumb/v7e-m+fp/hard\libc_nano.a(lib_a-memset.o)
                0x0000000008003afc                memset
 *(.glue_7)
 .glue_7        0x0000000008003b0c        0x0 linker stubs
 *(.glue_7t)
 .glue_7t       0x0000000008003b0c        0x0 linker stubs
 *(.eh_frame)
 .eh_frame      0x0000000008003b0c        0x0 c:/st/stm32cubeide_1.9.0/stm32cubeide/plugins/com.st.stm32cube.ide.mcu.externaltools.gnu-tools-for-stm32.10.3-2021.10.win32_1.0.0.202111181127/tools/bin/../lib/gcc/arm-none-eabi/10.3.1/thumb/v7e-m+fp/hard/crtbegin.o
 *(.init)
 .init          0x0000000008003b0c        0x4 c:/st/stm32cubeide_1.9.0/stm32cubeide/plugins/com.st.stm32cube.ide.mcu.externaltools.gnu-tools-for-stm32.10.3-2021.10.win32_1.0.0.202111181127/tools/bin/../lib/gcc/arm-none-eabi/10.3.1/thumb/v7e-m+fp/hard/crti.o
                0x0000000008003b0c                _init
 .init          0x0000000008003b10        0x8 c:/st/stm32cubeide_1.9.0/stm32cubeide/plugins/com.st.stm32cube.ide.mcu.externaltools.gnu-tools-for-stm32.10.3-2021.10.win32_1.0.0.202111181127/tools/bin/../lib/gcc/arm-none-eabi/10.3.1/thumb/v7e-m+fp/hard/crtn.o
 *(.fini)
 .fini          0x0000000008003b18        0x4 c:/st/stm32cubeide_1.9.0/stm32cubeide/plugins/com.st.stm32cube.ide.mcu.externaltools.gnu-tools-for-stm32.10.3-2021.10.win32_1.0.0.202111181127/tools/bin/../lib/gcc/arm-none-eabi/10.3.1/thumb/v7e-m+fp/hard/crti.o
                0x0000000008003b18                _fini
 .fini          0x0000000008003b1c        0x8 c:/st/stm32cubeide_1.9.0/stm32cubeide/plugins/com.st.stm32cube.ide.mcu.externaltools.gnu-tools-for-stm32.10.3-2021.10.win32_1.0.0.202111181127/tools/bin/../lib/gcc/arm-none-eabi/10.3.1/thumb/v7e-m+fp/hard/crtn.o
                0x0000000008003b24                . = ALIGN (0x4)
                0x0000000008003b24                _etext = .

.vfp11_veneer   0x0000000008003b24        0x0
 .vfp11_veneer  0x0000000008003b24        0x0 linker stubs

.v4_bx          0x0000000008003b24        0x0
 .v4_bx         0x0000000008003b24        0x0 linker stubs

.iplt           0x0000000008003b24        0x0
 .iplt          0x0000000008003b24        0x0 c:/st/stm32cubeide_1.9.0/stm32cubeide/plugins/com.st.stm32cube.ide.mcu.externaltools.gnu-tools-for-stm32.10.3-2021.10.win32_1.0.0.202111181127/tools/bin/../lib/gcc/arm-none-eabi/10.3.1/thumb/v7e-m+fp/hard/crtbegin.o

.rodata         0x0000000008003b24       0x38
                0x0000000008003b24                . = ALIGN (0x4)
 *(.rodata)
 .rodata        0x0000000008003b24        0x5 ./Core/Source/Core_Layer/main.o
 *(.rodata*)
 *fill*         0x0000000008003b29        0x3 
 .rodata.AHBPrescTable
                0x0000000008003b2c       0x10 ./Core/Source/Core_Layer/system_stm32f3xx.o
                0x0000000008003b2c                AHBPrescTable
 .rodata.aPLLMULFactorTable
                0x0000000008003b3c       0x10 ./Drivers/STM32F3xx_HAL_Driver/Src/stm32f3xx_hal_rcc.o
 .rodata.aPredivFactorTable
                0x0000000008003b4c       0x10 ./Drivers/STM32F3xx_HAL_Driver/Src/stm32f3xx_hal_rcc.o
                0x0000000008003b5c                . = ALIGN (0x4)

.rel.dyn        0x0000000008003b5c        0x0
 .rel.iplt      0x0000000008003b5c        0x0 c:/st/stm32cubeide_1.9.0/stm32cubeide/plugins/com.st.stm32cube.ide.mcu.externaltools.gnu-tools-for-stm32.10.3-2021.10.win32_1.0.0.202111181127/tools/bin/../lib/gcc/arm-none-eabi/10.3.1/thumb/v7e-m+fp/hard/crtbegin.o

.ARM.extab      0x0000000008003b5c        0x0
                0x0000000008003b5c                . = ALIGN (0x4)
 *(.ARM.extab* .gnu.linkonce.armextab.*)
                0x0000000008003b5c                . = ALIGN (0x4)

.ARM            0x0000000008003b5c        0x0
                0x0000000008003b5c                . = ALIGN (0x4)
                0x0000000008003b5c                __exidx_start = .
 *(.ARM.exidx*)
                0x0000000008003b5c                __exidx_end = .
                0x0000000008003b5c                . = ALIGN (0x4)

.preinit_array  0x0000000008003b5c        0x0
                0x0000000008003b5c                . = ALIGN (0x4)
                0x0000000008003b5c                PROVIDE (__preinit_array_start = .)
 *(.preinit_array*)
                0x0000000008003b5c                PROVIDE (__preinit_array_end = .)
                0x0000000008003b5c                . = ALIGN (0x4)

.init_array     0x0000000008003b5c        0x4
                0x0000000008003b5c                . = ALIGN (0x4)
                0x0000000008003b5c                PROVIDE (__init_array_start = .)
 *(SORT_BY_NAME(.init_array.*))
 *(.init_array*)
 .init_array    0x0000000008003b5c        0x4 c:/st/stm32cubeide_1.9.0/stm32cubeide/plugins/com.st.stm32cube.ide.mcu.externaltools.gnu-tools-for-stm32.10.3-2021.10.win32_1.0.0.202111181127/tools/bin/../lib/gcc/arm-none-eabi/10.3.1/thumb/v7e-m+fp/hard/crtbegin.o
                0x0000000008003b60                PROVIDE (__init_array_end = .)
                0x0000000008003b60                . = ALIGN (0x4)

.fini_array     0x0000000008003b60        0x4
                0x0000000008003b60                . = ALIGN (0x4)
                [!provide]                        PROVIDE (__fini_array_start = .)
 *(SORT_BY_NAME(.fini_array.*))
 *(.fini_array*)
 .fini_array    0x0000000008003b60        0x4 c:/st/stm32cubeide_1.9.0/stm32cubeide/plugins/com.st.stm32cube.ide.mcu.externaltools.gnu-tools-for-stm32.10.3-2021.10.win32_1.0.0.202111181127/tools/bin/../lib/gcc/arm-none-eabi/10.3.1/thumb/v7e-m+fp/hard/crtbegin.o
                [!provide]                        PROVIDE (__fini_array_end = .)
                0x0000000008003b64                . = ALIGN (0x4)
                0x0000000008003b64                _sidata = LOADADDR (.data)

.data           0x0000000020000000        0xc load address 0x0000000008003b64
                0x0000000020000000                . = ALIGN (0x4)
                0x0000000020000000                _sdata = .
 *(.data)
 *(.data*)
 .data.SystemCoreClock
                0x0000000020000000        0x4 ./Core/Source/Core_Layer/system_stm32f3xx.o
                0x0000000020000000                SystemCoreClock
 .data.uwTickPrio
                0x0000000020000004        0x4 ./Drivers/STM32F3xx_HAL_Driver/Src/stm32f3xx_hal.o
                0x0000000020000004                uwTickPrio
 .data.uwTickFreq
                0x0000000020000008        0x1 ./Drivers/STM32F3xx_HAL_Driver/Src/stm32f3xx_hal.o
                0x0000000020000008                uwTickFreq
 *(.RamFunc)
 *(.RamFunc*)
                0x000000002000000c                . = ALIGN (0x4)
 *fill*         0x0000000020000009        0x3 
                0x000000002000000c                _edata = .
                0x0000000008003b70                _siccmram = LOADADDR (.ccmram)

.igot.plt       0x000000002000000c        0x0 load address 0x0000000008003b70
 .igot.plt      0x000000002000000c        0x0 c:/st/stm32cubeide_1.9.0/stm32cubeide/plugins/com.st.stm32cube.ide.mcu.externaltools.gnu-tools-for-stm32.10.3-2021.10.win32_1.0.0.202111181127/tools/bin/../lib/gcc/arm-none-eabi/10.3.1/thumb/v7e-m+fp/hard/crtbegin.o

.ccmram         0x0000000010000000        0x0 load address 0x0000000008003b70
                0x0000000010000000                . = ALIGN (0x4)
                0x0000000010000000                _sccmram = .
 *(.ccmram)
 *(.ccmram*)
                0x0000000010000000                . = ALIGN (0x4)
                0x0000000010000000                _eccmram = .
                0x0000000010000000                . = ALIGN (0x4)

.bss            0x000000002000000c      0xee8
                0x000000002000000c                _sbss = .
                0x000000002000000c                __bss_start__ = _sbss
 *(.bss)
 .bss           0x000000002000000c       0x1c c:/st/stm32cubeide_1.9.0/stm32cubeide/plugins/com.st.stm32cube.ide.mcu.externaltools.gnu-tools-for-stm32.10.3-2021.10.win32_1.0.0.202111181127/tools/bin/../lib/gcc/arm-none-eabi/10.3.1/thumb/v7e-m+fp/hard/crtbegin.o
 *(.bss*)
 .bss.hcan      0x0000000020000028       0x28 ./Core/Source/Core_Layer/main.o
                0x0000000020000028                hcan
 .bss.hi2c1     0x0000000020000050       0x54 ./Core/Source/Core_Layer/main.o
                0x0000000020000050                hi2c1
 .bss.hspi1     0x00000000200000a4       0x64 ./Core/Source/Core_Layer/main.o
                0x00000000200000a4                hspi1
 .bss.hpcd_USB_FS
                0x0000000020000108      0x2ec ./Core/Source/Core_Layer/main.o
                0x0000000020000108                hpcd_USB_FS
 .bss.can_rx_data_u8
                0x00000000200003f4        0x8 ./Core/Source/Core_Layer/main.o
                0x00000000200003f4                can_rx_data_u8
 .bss.can_rx_header_st
                0x00000000200003fc      0xaf0 ./Core/Source/Core_Layer/main.o
                0x00000000200003fc                can_rx_header_st
 .bss.arrary_size_u8
                0x0000000020000eec        0x1 ./Core/Source/Core_Layer/main.o
                0x0000000020000eec                arrary_size_u8
 *fill*         0x0000000020000eed        0x3 
 .bss.uwTick    0x0000000020000ef0        0x4 ./Drivers/STM32F3xx_HAL_Driver/Src/stm32f3xx_hal.o
                0x0000000020000ef0                uwTick
 *(COMMON)
                0x0000000020000ef4                . = ALIGN (0x4)
                0x0000000020000ef4                _ebss = .
                0x0000000020000ef4                __bss_end__ = _ebss

._user_heap_stack
                0x0000000020000ef4      0x604
                0x0000000020000ef8                . = ALIGN (0x8)
 *fill*         0x0000000020000ef4        0x4 
                [!provide]                        PROVIDE (end = .)
                0x0000000020000ef8                PROVIDE (_end = .)
                0x00000000200010f8                . = (. + _Min_Heap_Size)
 *fill*         0x0000000020000ef8      0x200 
                0x00000000200014f8                . = (. + _Min_Stack_Size)
 *fill*         0x00000000200010f8      0x400 
                0x00000000200014f8                . = ALIGN (0x8)

/DISCARD/
 libc.a(*)
 libm.a(*)
 libgcc.a(*)

.ARM.attributes
                0x0000000000000000       0x30
 *(.ARM.attributes)
 .ARM.attributes
                0x0000000000000000       0x1e c:/st/stm32cubeide_1.9.0/stm32cubeide/plugins/com.st.stm32cube.ide.mcu.externaltools.gnu-tools-for-stm32.10.3-2021.10.win32_1.0.0.202111181127/tools/bin/../lib/gcc/arm-none-eabi/10.3.1/thumb/v7e-m+fp/hard/crti.o
 .ARM.attributes
                0x000000000000001e       0x34 c:/st/stm32cubeide_1.9.0/stm32cubeide/plugins/com.st.stm32cube.ide.mcu.externaltools.gnu-tools-for-stm32.10.3-2021.10.win32_1.0.0.202111181127/tools/bin/../lib/gcc/arm-none-eabi/10.3.1/thumb/v7e-m+fp/hard/crtbegin.o
 .ARM.attributes
                0x0000000000000052       0x34 ./Core/Source/Core_Layer/main.o
 .ARM.attributes
                0x0000000000000086       0x34 ./Core/Source/Core_Layer/stm32f3xx_hal_msp.o
 .ARM.attributes
                0x00000000000000ba       0x34 ./Core/Source/Core_Layer/stm32f3xx_it.o
 .ARM.attributes
                0x00000000000000ee       0x34 ./Core/Source/Core_Layer/system_stm32f3xx.o
 .ARM.attributes
                0x0000000000000122       0x21 ./Core/Startup/startup_stm32f303vctx.o
 .ARM.attributes
                0x0000000000000143       0x34 ./Drivers/STM32F3xx_HAL_Driver/Src/stm32f3xx_hal.o
 .ARM.attributes
                0x0000000000000177       0x34 ./Drivers/STM32F3xx_HAL_Driver/Src/stm32f3xx_hal_can.o
 .ARM.attributes
                0x00000000000001ab       0x34 ./Drivers/STM32F3xx_HAL_Driver/Src/stm32f3xx_hal_cortex.o
 .ARM.attributes
                0x00000000000001df       0x34 ./Drivers/STM32F3xx_HAL_Driver/Src/stm32f3xx_hal_gpio.o
 .ARM.attributes
                0x0000000000000213       0x34 ./Drivers/STM32F3xx_HAL_Driver/Src/stm32f3xx_hal_i2c.o
 .ARM.attributes
                0x0000000000000247       0x34 ./Drivers/STM32F3xx_HAL_Driver/Src/stm32f3xx_hal_i2c_ex.o
 .ARM.attributes
                0x000000000000027b       0x34 ./Drivers/STM32F3xx_HAL_Driver/Src/stm32f3xx_hal_pcd.o
 .ARM.attributes
                0x00000000000002af       0x34 ./Drivers/STM32F3xx_HAL_Driver/Src/stm32f3xx_hal_rcc.o
 .ARM.attributes
                0x00000000000002e3       0x34 ./Drivers/STM32F3xx_HAL_Driver/Src/stm32f3xx_hal_rcc_ex.o
 .ARM.attributes
                0x0000000000000317       0x34 ./Drivers/STM32F3xx_HAL_Driver/Src/stm32f3xx_hal_spi.o
 .ARM.attributes
                0x000000000000034b       0x34 ./Drivers/STM32F3xx_HAL_Driver/Src/stm32f3xx_ll_usb.o
 .ARM.attributes
                0x000000000000037f       0x34 c:/st/stm32cubeide_1.9.0/stm32cubeide/plugins/com.st.stm32cube.ide.mcu.externaltools.gnu-tools-for-stm32.10.3-2021.10.win32_1.0.0.202111181127/tools/bin/../lib/gcc/arm-none-eabi/10.3.1/../../../../arm-none-eabi/lib/thumb/v7e-m+fp/hard\libc_nano.a(lib_a-init.o)
 .ARM.attributes
                0x00000000000003b3       0x34 c:/st/stm32cubeide_1.9.0/stm32cubeide/plugins/com.st.stm32cube.ide.mcu.externaltools.gnu-tools-for-stm32.10.3-2021.10.win32_1.0.0.202111181127/tools/bin/../lib/gcc/arm-none-eabi/10.3.1/../../../../arm-none-eabi/lib/thumb/v7e-m+fp/hard\libc_nano.a(lib_a-memset.o)
 .ARM.attributes
                0x00000000000003e7       0x1e c:/st/stm32cubeide_1.9.0/stm32cubeide/plugins/com.st.stm32cube.ide.mcu.externaltools.gnu-tools-for-stm32.10.3-2021.10.win32_1.0.0.202111181127/tools/bin/../lib/gcc/arm-none-eabi/10.3.1/thumb/v7e-m+fp/hard/crtn.o
OUTPUT(Zitto_Phase0_Project.elf elf32-littlearm)
LOAD linker stubs
LOAD c:/st/stm32cubeide_1.9.0/stm32cubeide/plugins/com.st.stm32cube.ide.mcu.externaltools.gnu-tools-for-stm32.10.3-2021.10.win32_1.0.0.202111181127/tools/bin/../lib/gcc/arm-none-eabi/10.3.1/../../../../arm-none-eabi/lib/thumb/v7e-m+fp/hard\libc.a
LOAD c:/st/stm32cubeide_1.9.0/stm32cubeide/plugins/com.st.stm32cube.ide.mcu.externaltools.gnu-tools-for-stm32.10.3-2021.10.win32_1.0.0.202111181127/tools/bin/../lib/gcc/arm-none-eabi/10.3.1/../../../../arm-none-eabi/lib/thumb/v7e-m+fp/hard\libm.a
LOAD c:/st/stm32cubeide_1.9.0/stm32cubeide/plugins/com.st.stm32cube.ide.mcu.externaltools.gnu-tools-for-stm32.10.3-2021.10.win32_1.0.0.202111181127/tools/bin/../lib/gcc/arm-none-eabi/10.3.1/thumb/v7e-m+fp/hard\libgcc.a

.debug_info     0x0000000000000000     0xf816
 .debug_info    0x0000000000000000     0x1db5 ./Core/Source/Core_Layer/main.o
 .debug_info    0x0000000000001db5     0x17f9 ./Core/Source/Core_Layer/stm32f3xx_hal_msp.o
 .debug_info    0x00000000000035ae      0x574 ./Core/Source/Core_Layer/stm32f3xx_it.o
 .debug_info    0x0000000000003b22      0x416 ./Core/Source/Core_Layer/system_stm32f3xx.o
 .debug_info    0x0000000000003f38       0x22 ./Core/Startup/startup_stm32f303vctx.o
 .debug_info    0x0000000000003f5a      0x807 ./Drivers/STM32F3xx_HAL_Driver/Src/stm32f3xx_hal.o
 .debug_info    0x0000000000004761      0xfe2 ./Drivers/STM32F3xx_HAL_Driver/Src/stm32f3xx_hal_can.o
 .debug_info    0x0000000000005743      0xd85 ./Drivers/STM32F3xx_HAL_Driver/Src/stm32f3xx_hal_cortex.o
 .debug_info    0x00000000000064c8      0x68a ./Drivers/STM32F3xx_HAL_Driver/Src/stm32f3xx_hal_gpio.o
 .debug_info    0x0000000000006b52     0x226b ./Drivers/STM32F3xx_HAL_Driver/Src/stm32f3xx_hal_i2c.o
 .debug_info    0x0000000000008dbd      0x8ab ./Drivers/STM32F3xx_HAL_Driver/Src/stm32f3xx_hal_i2c_ex.o
 .debug_info    0x0000000000009668     0x1784 ./Drivers/STM32F3xx_HAL_Driver/Src/stm32f3xx_hal_pcd.o
 .debug_info    0x000000000000adec     0x1585 ./Drivers/STM32F3xx_HAL_Driver/Src/stm32f3xx_hal_rcc.o
 .debug_info    0x000000000000c371      0x628 ./Drivers/STM32F3xx_HAL_Driver/Src/stm32f3xx_hal_rcc_ex.o
 .debug_info    0x000000000000c999     0x178c ./Drivers/STM32F3xx_HAL_Driver/Src/stm32f3xx_hal_spi.o
 .debug_info    0x000000000000e125     0x16f1 ./Drivers/STM32F3xx_HAL_Driver/Src/stm32f3xx_ll_usb.o

.debug_abbrev   0x0000000000000000     0x2175
 .debug_abbrev  0x0000000000000000      0x307 ./Core/Source/Core_Layer/main.o
 .debug_abbrev  0x0000000000000307      0x228 ./Core/Source/Core_Layer/stm32f3xx_hal_msp.o
 .debug_abbrev  0x000000000000052f      0x194 ./Core/Source/Core_Layer/stm32f3xx_it.o
 .debug_abbrev  0x00000000000006c3      0x116 ./Core/Source/Core_Layer/system_stm32f3xx.o
 .debug_abbrev  0x00000000000007d9       0x12 ./Core/Startup/startup_stm32f303vctx.o
 .debug_abbrev  0x00000000000007eb      0x20e ./Drivers/STM32F3xx_HAL_Driver/Src/stm32f3xx_hal.o
 .debug_abbrev  0x00000000000009f9      0x235 ./Drivers/STM32F3xx_HAL_Driver/Src/stm32f3xx_hal_can.o
 .debug_abbrev  0x0000000000000c2e      0x316 ./Drivers/STM32F3xx_HAL_Driver/Src/stm32f3xx_hal_cortex.o
 .debug_abbrev  0x0000000000000f44      0x1bb ./Drivers/STM32F3xx_HAL_Driver/Src/stm32f3xx_hal_gpio.o
 .debug_abbrev  0x00000000000010ff      0x24a ./Drivers/STM32F3xx_HAL_Driver/Src/stm32f3xx_hal_i2c.o
 .debug_abbrev  0x0000000000001349      0x1b0 ./Drivers/STM32F3xx_HAL_Driver/Src/stm32f3xx_hal_i2c_ex.o
 .debug_abbrev  0x00000000000014f9      0x2c0 ./Drivers/STM32F3xx_HAL_Driver/Src/stm32f3xx_hal_pcd.o
 .debug_abbrev  0x00000000000017b9      0x2f9 ./Drivers/STM32F3xx_HAL_Driver/Src/stm32f3xx_hal_rcc.o
 .debug_abbrev  0x0000000000001ab2      0x240 ./Drivers/STM32F3xx_HAL_Driver/Src/stm32f3xx_hal_rcc_ex.o
 .debug_abbrev  0x0000000000001cf2      0x254 ./Drivers/STM32F3xx_HAL_Driver/Src/stm32f3xx_hal_spi.o
 .debug_abbrev  0x0000000000001f46      0x22f ./Drivers/STM32F3xx_HAL_Driver/Src/stm32f3xx_ll_usb.o

.debug_aranges  0x0000000000000000      0xc98
 .debug_aranges
                0x0000000000000000       0x70 ./Core/Source/Core_Layer/main.o
 .debug_aranges
                0x0000000000000070       0x60 ./Core/Source/Core_Layer/stm32f3xx_hal_msp.o
 .debug_aranges
                0x00000000000000d0       0x78 ./Core/Source/Core_Layer/stm32f3xx_it.o
 .debug_aranges
                0x0000000000000148       0x28 ./Core/Source/Core_Layer/system_stm32f3xx.o
 .debug_aranges
                0x0000000000000170       0x28 ./Core/Startup/startup_stm32f303vctx.o
 .debug_aranges
                0x0000000000000198       0xe0 ./Drivers/STM32F3xx_HAL_Driver/Src/stm32f3xx_hal.o
 .debug_aranges
                0x0000000000000278      0x138 ./Drivers/STM32F3xx_HAL_Driver/Src/stm32f3xx_hal_can.o
 .debug_aranges
                0x00000000000003b0      0x118 ./Drivers/STM32F3xx_HAL_Driver/Src/stm32f3xx_hal_cortex.o
 .debug_aranges
                0x00000000000004c8       0x58 ./Drivers/STM32F3xx_HAL_Driver/Src/stm32f3xx_hal_gpio.o
 .debug_aranges
                0x0000000000000520      0x2a0 ./Drivers/STM32F3xx_HAL_Driver/Src/stm32f3xx_hal_i2c.o
 .debug_aranges
                0x00000000000007c0       0x48 ./Drivers/STM32F3xx_HAL_Driver/Src/stm32f3xx_hal_i2c_ex.o
 .debug_aranges
                0x0000000000000808      0x140 ./Drivers/STM32F3xx_HAL_Driver/Src/stm32f3xx_hal_pcd.o
 .debug_aranges
                0x0000000000000948       0x88 ./Drivers/STM32F3xx_HAL_Driver/Src/stm32f3xx_hal_rcc.o
 .debug_aranges
                0x00000000000009d0       0x38 ./Drivers/STM32F3xx_HAL_Driver/Src/stm32f3xx_hal_rcc_ex.o
 .debug_aranges
                0x0000000000000a08      0x1d8 ./Drivers/STM32F3xx_HAL_Driver/Src/stm32f3xx_hal_spi.o
 .debug_aranges
                0x0000000000000be0       0xb8 ./Drivers/STM32F3xx_HAL_Driver/Src/stm32f3xx_ll_usb.o

.debug_ranges   0x0000000000000000      0xba0
 .debug_ranges  0x0000000000000000       0x60 ./Core/Source/Core_Layer/main.o
 .debug_ranges  0x0000000000000060       0x50 ./Core/Source/Core_Layer/stm32f3xx_hal_msp.o
 .debug_ranges  0x00000000000000b0       0x68 ./Core/Source/Core_Layer/stm32f3xx_it.o
 .debug_ranges  0x0000000000000118       0x18 ./Core/Source/Core_Layer/system_stm32f3xx.o
 .debug_ranges  0x0000000000000130       0x20 ./Core/Startup/startup_stm32f303vctx.o
 .debug_ranges  0x0000000000000150       0xd0 ./Drivers/STM32F3xx_HAL_Driver/Src/stm32f3xx_hal.o
 .debug_ranges  0x0000000000000220      0x128 ./Drivers/STM32F3xx_HAL_Driver/Src/stm32f3xx_hal_can.o
 .debug_ranges  0x0000000000000348      0x108 ./Drivers/STM32F3xx_HAL_Driver/Src/stm32f3xx_hal_cortex.o
 .debug_ranges  0x0000000000000450       0x48 ./Drivers/STM32F3xx_HAL_Driver/Src/stm32f3xx_hal_gpio.o
 .debug_ranges  0x0000000000000498      0x290 ./Drivers/STM32F3xx_HAL_Driver/Src/stm32f3xx_hal_i2c.o
 .debug_ranges  0x0000000000000728       0x38 ./Drivers/STM32F3xx_HAL_Driver/Src/stm32f3xx_hal_i2c_ex.o
 .debug_ranges  0x0000000000000760      0x130 ./Drivers/STM32F3xx_HAL_Driver/Src/stm32f3xx_hal_pcd.o
 .debug_ranges  0x0000000000000890       0x78 ./Drivers/STM32F3xx_HAL_Driver/Src/stm32f3xx_hal_rcc.o
 .debug_ranges  0x0000000000000908       0x28 ./Drivers/STM32F3xx_HAL_Driver/Src/stm32f3xx_hal_rcc_ex.o
 .debug_ranges  0x0000000000000930      0x1c8 ./Drivers/STM32F3xx_HAL_Driver/Src/stm32f3xx_hal_spi.o
 .debug_ranges  0x0000000000000af8       0xa8 ./Drivers/STM32F3xx_HAL_Driver/Src/stm32f3xx_ll_usb.o

.debug_macro    0x0000000000000000    0x1d179
 .debug_macro   0x0000000000000000      0x201 ./Core/Source/Core_Layer/main.o
 .debug_macro   0x0000000000000201      0xa78 ./Core/Source/Core_Layer/main.o
 .debug_macro   0x0000000000000c79      0x15d ./Core/Source/Core_Layer/main.o
 .debug_macro   0x0000000000000dd6       0x2e ./Core/Source/Core_Layer/main.o
 .debug_macro   0x0000000000000e04       0x28 ./Core/Source/Core_Layer/main.o
 .debug_macro   0x0000000000000e2c       0x22 ./Core/Source/Core_Layer/main.o
 .debug_macro   0x0000000000000e4e       0x8e ./Core/Source/Core_Layer/main.o
 .debug_macro   0x0000000000000edc       0x51 ./Core/Source/Core_Layer/main.o
 .debug_macro   0x0000000000000f2d      0x103 ./Core/Source/Core_Layer/main.o
 .debug_macro   0x0000000000001030       0x6a ./Core/Source/Core_Layer/main.o
 .debug_macro   0x000000000000109a      0x1df ./Core/Source/Core_Layer/main.o
 .debug_macro   0x0000000000001279       0x1c ./Core/Source/Core_Layer/main.o
 .debug_macro   0x0000000000001295       0x22 ./Core/Source/Core_Layer/main.o
 .debug_macro   0x00000000000012b7       0xd9 ./Core/Source/Core_Layer/main.o
 .debug_macro   0x0000000000001390     0x102d ./Core/Source/Core_Layer/main.o
 .debug_macro   0x00000000000023bd      0x11f ./Core/Source/Core_Layer/main.o
 .debug_macro   0x00000000000024dc    0x12a3a ./Core/Source/Core_Layer/main.o
 .debug_macro   0x0000000000014f16       0x6d ./Core/Source/Core_Layer/main.o
 .debug_macro   0x0000000000014f83     0x3558 ./Core/Source/Core_Layer/main.o
 .debug_macro   0x00000000000184db      0x174 ./Core/Source/Core_Layer/main.o
 .debug_macro   0x000000000001864f       0x55 ./Core/Source/Core_Layer/main.o
 .debug_macro   0x00000000000186a4      0x961 ./Core/Source/Core_Layer/main.o
 .debug_macro   0x0000000000019005      0x5fe ./Core/Source/Core_Layer/main.o
 .debug_macro   0x0000000000019603      0x1b5 ./Core/Source/Core_Layer/main.o
 .debug_macro   0x00000000000197b8      0x1fb ./Core/Source/Core_Layer/main.o
 .debug_macro   0x00000000000199b3      0x1dc ./Core/Source/Core_Layer/main.o
 .debug_macro   0x0000000000019b8f      0x1bc ./Core/Source/Core_Layer/main.o
 .debug_macro   0x0000000000019d4b       0x30 ./Core/Source/Core_Layer/main.o
 .debug_macro   0x0000000000019d7b       0x3c ./Core/Source/Core_Layer/main.o
 .debug_macro   0x0000000000019db7      0x235 ./Core/Source/Core_Layer/main.o
 .debug_macro   0x0000000000019fec      0x408 ./Core/Source/Core_Layer/main.o
 .debug_macro   0x000000000001a3f4       0xc5 ./Core/Source/Core_Layer/main.o
 .debug_macro   0x000000000001a4b9      0x21d ./Core/Source/Core_Layer/main.o
 .debug_macro   0x000000000001a6d6      0x22c ./Core/Source/Core_Layer/main.o
 .debug_macro   0x000000000001a902       0x5b ./Core/Source/Core_Layer/main.o
 .debug_macro   0x000000000001a95d       0xa5 ./Core/Source/Core_Layer/main.o
 .debug_macro   0x000000000001aa02       0x73 ./Core/Source/Core_Layer/main.o
 .debug_macro   0x000000000001aa75      0x242 ./Core/Source/Core_Layer/main.o
 .debug_macro   0x000000000001acb7       0x81 ./Core/Source/Core_Layer/main.o
 .debug_macro   0x000000000001ad38       0xd3 ./Core/Source/Core_Layer/main.o
 .debug_macro   0x000000000001ae0b      0x2fe ./Core/Source/Core_Layer/main.o
 .debug_macro   0x000000000001b109      0x275 ./Core/Source/Core_Layer/main.o
 .debug_macro   0x000000000001b37e      0x160 ./Core/Source/Core_Layer/main.o
 .debug_macro   0x000000000001b4de      0x201 ./Core/Source/Core_Layer/stm32f3xx_hal_msp.o
 .debug_macro   0x000000000001b6df      0x20b ./Core/Source/Core_Layer/stm32f3xx_it.o
 .debug_macro   0x000000000001b8ea      0x1f2 ./Core/Source/Core_Layer/system_stm32f3xx.o
 .debug_macro   0x000000000001badc      0x216 ./Drivers/STM32F3xx_HAL_Driver/Src/stm32f3xx_hal.o
 .debug_macro   0x000000000001bcf2      0x1fa ./Drivers/STM32F3xx_HAL_Driver/Src/stm32f3xx_hal_can.o
 .debug_macro   0x000000000001beec      0x1f2 ./Drivers/STM32F3xx_HAL_Driver/Src/stm32f3xx_hal_cortex.o
 .debug_macro   0x000000000001c0de      0x1f9 ./Drivers/STM32F3xx_HAL_Driver/Src/stm32f3xx_hal_gpio.o
 .debug_macro   0x000000000001c2d7      0x2be ./Drivers/STM32F3xx_HAL_Driver/Src/stm32f3xx_hal_i2c.o
 .debug_macro   0x000000000001c595      0x1f2 ./Drivers/STM32F3xx_HAL_Driver/Src/stm32f3xx_hal_i2c_ex.o
 .debug_macro   0x000000000001c787      0x1fe ./Drivers/STM32F3xx_HAL_Driver/Src/stm32f3xx_hal_pcd.o
 .debug_macro   0x000000000001c985      0x216 ./Drivers/STM32F3xx_HAL_Driver/Src/stm32f3xx_hal_rcc.o
 .debug_macro   0x000000000001cb9b      0x1f2 ./Drivers/STM32F3xx_HAL_Driver/Src/stm32f3xx_hal_rcc_ex.o
 .debug_macro   0x000000000001cd8d      0x1fa ./Drivers/STM32F3xx_HAL_Driver/Src/stm32f3xx_hal_spi.o
 .debug_macro   0x000000000001cf87      0x1f2 ./Drivers/STM32F3xx_HAL_Driver/Src/stm32f3xx_ll_usb.o

.debug_line     0x0000000000000000     0xfc5f
 .debug_line    0x0000000000000000      0xa00 ./Core/Source/Core_Layer/main.o
 .debug_line    0x0000000000000a00      0x8c9 ./Core/Source/Core_Layer/stm32f3xx_hal_msp.o
 .debug_line    0x00000000000012c9      0x892 ./Core/Source/Core_Layer/stm32f3xx_it.o
 .debug_line    0x0000000000001b5b      0x7cb ./Core/Source/Core_Layer/system_stm32f3xx.o
 .debug_line    0x0000000000002326       0x88 ./Core/Startup/startup_stm32f303vctx.o
 .debug_line    0x00000000000023ae      0x9f2 ./Drivers/STM32F3xx_HAL_Driver/Src/stm32f3xx_hal.o
 .debug_line    0x0000000000002da0     0x1197 ./Drivers/STM32F3xx_HAL_Driver/Src/stm32f3xx_hal_can.o
 .debug_line    0x0000000000003f37      0xcb7 ./Drivers/STM32F3xx_HAL_Driver/Src/stm32f3xx_hal_cortex.o
 .debug_line    0x0000000000004bee      0xb51 ./Drivers/STM32F3xx_HAL_Driver/Src/stm32f3xx_hal_gpio.o
 .debug_line    0x000000000000573f     0x37c1 ./Drivers/STM32F3xx_HAL_Driver/Src/stm32f3xx_hal_i2c.o
 .debug_line    0x0000000000008f00      0x964 ./Drivers/STM32F3xx_HAL_Driver/Src/stm32f3xx_hal_i2c_ex.o
 .debug_line    0x0000000000009864     0x1339 ./Drivers/STM32F3xx_HAL_Driver/Src/stm32f3xx_hal_pcd.o
 .debug_line    0x000000000000ab9d     0x13cf ./Drivers/STM32F3xx_HAL_Driver/Src/stm32f3xx_hal_rcc.o
 .debug_line    0x000000000000bf6c      0xd5b ./Drivers/STM32F3xx_HAL_Driver/Src/stm32f3xx_hal_rcc_ex.o
 .debug_line    0x000000000000ccc7     0x1fad ./Drivers/STM32F3xx_HAL_Driver/Src/stm32f3xx_hal_spi.o
 .debug_line    0x000000000000ec74      0xfeb ./Drivers/STM32F3xx_HAL_Driver/Src/stm32f3xx_ll_usb.o

.debug_str      0x0000000000000000    0xad9fe
 .debug_str     0x0000000000000000    0xaad5c ./Core/Source/Core_Layer/main.o
                                      0xab683 (size before relaxing)
 .debug_str     0x00000000000aad5c      0x127 ./Core/Source/Core_Layer/stm32f3xx_hal_msp.o
                                      0xab171 (size before relaxing)
 .debug_str     0x00000000000aae83       0xfd ./Core/Source/Core_Layer/stm32f3xx_it.o
                                      0xaa2f0 (size before relaxing)
 .debug_str     0x00000000000aaf80       0xed ./Core/Source/Core_Layer/system_stm32f3xx.o
                                      0xa9b61 (size before relaxing)
 .debug_str     0x00000000000ab06d       0x36 ./Core/Startup/startup_stm32f303vctx.o
                                         0x86 (size before relaxing)
 .debug_str     0x00000000000ab0a3      0x37a ./Drivers/STM32F3xx_HAL_Driver/Src/stm32f3xx_hal.o
                                      0xaa391 (size before relaxing)
 .debug_str     0x00000000000ab41d      0x3c4 ./Drivers/STM32F3xx_HAL_Driver/Src/stm32f3xx_hal_can.o
                                      0xaa2da (size before relaxing)
 .debug_str     0x00000000000ab7e1      0x327 ./Drivers/STM32F3xx_HAL_Driver/Src/stm32f3xx_hal_cortex.o
                                      0xaa3e3 (size before relaxing)
 .debug_str     0x00000000000abb08      0x130 ./Drivers/STM32F3xx_HAL_Driver/Src/stm32f3xx_hal_gpio.o
                                      0xa9cc0 (size before relaxing)
 .debug_str     0x00000000000abc38      0xe4f ./Drivers/STM32F3xx_HAL_Driver/Src/stm32f3xx_hal_i2c.o
                                      0xaae56 (size before relaxing)
 .debug_str     0x00000000000aca87       0xb8 ./Drivers/STM32F3xx_HAL_Driver/Src/stm32f3xx_hal_i2c_ex.o
                                      0xaa074 (size before relaxing)
 .debug_str     0x00000000000acb3f      0x507 ./Drivers/STM32F3xx_HAL_Driver/Src/stm32f3xx_hal_pcd.o
                                      0xaa368 (size before relaxing)
 .debug_str     0x00000000000ad046      0x2b8 ./Drivers/STM32F3xx_HAL_Driver/Src/stm32f3xx_hal_rcc.o
                                      0xa9ff3 (size before relaxing)
 .debug_str     0x00000000000ad2fe       0xbe ./Drivers/STM32F3xx_HAL_Driver/Src/stm32f3xx_hal_rcc_ex.o
                                      0xa9db7 (size before relaxing)
 .debug_str     0x00000000000ad3bc      0x56a ./Drivers/STM32F3xx_HAL_Driver/Src/stm32f3xx_hal_spi.o
                                      0xaa479 (size before relaxing)
 .debug_str     0x00000000000ad926       0xd8 ./Drivers/STM32F3xx_HAL_Driver/Src/stm32f3xx_ll_usb.o
                                      0xa9ebd (size before relaxing)

.comment        0x0000000000000000       0x50
 .comment       0x0000000000000000       0x50 ./Core/Source/Core_Layer/main.o
                                         0x51 (size before relaxing)
 .comment       0x0000000000000050       0x51 ./Core/Source/Core_Layer/stm32f3xx_hal_msp.o
 .comment       0x0000000000000050       0x51 ./Core/Source/Core_Layer/stm32f3xx_it.o
 .comment       0x0000000000000050       0x51 ./Core/Source/Core_Layer/system_stm32f3xx.o
 .comment       0x0000000000000050       0x51 ./Drivers/STM32F3xx_HAL_Driver/Src/stm32f3xx_hal.o
 .comment       0x0000000000000050       0x51 ./Drivers/STM32F3xx_HAL_Driver/Src/stm32f3xx_hal_can.o
 .comment       0x0000000000000050       0x51 ./Drivers/STM32F3xx_HAL_Driver/Src/stm32f3xx_hal_cortex.o
 .comment       0x0000000000000050       0x51 ./Drivers/STM32F3xx_HAL_Driver/Src/stm32f3xx_hal_gpio.o
 .comment       0x0000000000000050       0x51 ./Drivers/STM32F3xx_HAL_Driver/Src/stm32f3xx_hal_i2c.o
 .comment       0x0000000000000050       0x51 ./Drivers/STM32F3xx_HAL_Driver/Src/stm32f3xx_hal_i2c_ex.o
 .comment       0x0000000000000050       0x51 ./Drivers/STM32F3xx_HAL_Driver/Src/stm32f3xx_hal_pcd.o
 .comment       0x0000000000000050       0x51 ./Drivers/STM32F3xx_HAL_Driver/Src/stm32f3xx_hal_rcc.o
 .comment       0x0000000000000050       0x51 ./Drivers/STM32F3xx_HAL_Driver/Src/stm32f3xx_hal_rcc_ex.o
 .comment       0x0000000000000050       0x51 ./Drivers/STM32F3xx_HAL_Driver/Src/stm32f3xx_hal_spi.o
 .comment       0x0000000000000050       0x51 ./Drivers/STM32F3xx_HAL_Driver/Src/stm32f3xx_ll_usb.o

.debug_frame    0x0000000000000000     0x349c
 .debug_frame   0x0000000000000000      0x164 ./Core/Source/Core_Layer/main.o
 .debug_frame   0x0000000000000164      0x154 ./Core/Source/Core_Layer/stm32f3xx_hal_msp.o
 .debug_frame   0x00000000000002b8      0x158 ./Core/Source/Core_Layer/stm32f3xx_it.o
 .debug_frame   0x0000000000000410       0x58 ./Core/Source/Core_Layer/system_stm32f3xx.o
 .debug_frame   0x0000000000000468      0x334 ./Drivers/STM32F3xx_HAL_Driver/Src/stm32f3xx_hal.o
 .debug_frame   0x000000000000079c      0x5a0 ./Drivers/STM32F3xx_HAL_Driver/Src/stm32f3xx_hal_can.o
 .debug_frame   0x0000000000000d3c      0x498 ./Drivers/STM32F3xx_HAL_Driver/Src/stm32f3xx_hal_cortex.o
 .debug_frame   0x00000000000011d4      0x14c ./Drivers/STM32F3xx_HAL_Driver/Src/stm32f3xx_hal_gpio.o
 .debug_frame   0x0000000000001320      0xc38 ./Drivers/STM32F3xx_HAL_Driver/Src/stm32f3xx_hal_i2c.o
 .debug_frame   0x0000000000001f58      0x100 ./Drivers/STM32F3xx_HAL_Driver/Src/stm32f3xx_hal_i2c_ex.o
 .debug_frame   0x0000000000002058      0x59c ./Drivers/STM32F3xx_HAL_Driver/Src/stm32f3xx_hal_pcd.o
 .debug_frame   0x00000000000025f4      0x214 ./Drivers/STM32F3xx_HAL_Driver/Src/stm32f3xx_hal_rcc.o
 .debug_frame   0x0000000000002808       0xb0 ./Drivers/STM32F3xx_HAL_Driver/Src/stm32f3xx_hal_rcc_ex.o
 .debug_frame   0x00000000000028b8      0x860 ./Drivers/STM32F3xx_HAL_Driver/Src/stm32f3xx_hal_spi.o
 .debug_frame   0x0000000000003118      0x338 ./Drivers/STM32F3xx_HAL_Driver/Src/stm32f3xx_ll_usb.o
 .debug_frame   0x0000000000003450       0x2c c:/st/stm32cubeide_1.9.0/stm32cubeide/plugins/com.st.stm32cube.ide.mcu.externaltools.gnu-tools-for-stm32.10.3-2021.10.win32_1.0.0.202111181127/tools/bin/../lib/gcc/arm-none-eabi/10.3.1/../../../../arm-none-eabi/lib/thumb/v7e-m+fp/hard\libc_nano.a(lib_a-init.o)
 .debug_frame   0x000000000000347c       0x20 c:/st/stm32cubeide_1.9.0/stm32cubeide/plugins/com.st.stm32cube.ide.mcu.externaltools.gnu-tools-for-stm32.10.3-2021.10.win32_1.0.0.202111181127/tools/bin/../lib/gcc/arm-none-eabi/10.3.1/../../../../arm-none-eabi/lib/thumb/v7e-m+fp/hard\libc_nano.a(lib_a-memset.o)
